<html>
<body>
<pre>
<h1>µVision Build Log</h1>
<h2>Project:</h2>
F:\Lolo\ENG YAYA\college\Jonior Electronics\Embedded\Project\Embedded_GPS_Project\project.uvproj
Project File Date:  04/27/2025

<h2>Output:</h2>
Rebuild target 'Target 1'
assembling startup_TM4C123.s...
compiling main.c...
compiling uart.c...
compiling systicFunctions.c...
systickFunctions.h(11): warning:  #1-D: last line of file ends without a newline
  #endif // SYSTICKSIMPLE_H
systicFunctions.c: 1 warning, 0 errors
compiling LCD.c...
LCD.h(7): warning:  #1-D: last line of file ends without a newline
  void clear(void);
LCD.c(2): warning:  #1-D: last line of file ends without a newline
  void clear(void){}
LCD.c: 2 warnings, 0 errors
linking...
Program Size: Code=528 RO-data=636 RW-data=0 ZI-data=608  
".\project.axf" - 0 Error(s), 3 Warning(s).
