ARM Linker, 5.03 [Build 76] [MDK-ARM Lite]

==============================================================================

Section Cross References

    startup_tm4c123.o(RESET) refers to startup_tm4c123.o(STACK) for __initial_sp
    startup_tm4c123.o(RESET) refers to startup_tm4c123.o(.text) for Reset_Handler
    startup_tm4c123.o(.text) refers to entry.o(.ARM.Collect$$$$00000000) for __main
    main.o(.text) refers to memcpya.o(.text) for __aeabi_memcpy4
    main.o(.text) refers to systicfunctions.o(.text) for SysTick_Init
    main.o(.text) refers to lcd.o(.text) for init_LCD
    main.o(.text) refers to uart.o(.text) for UART0_vInit
    main.o(.text) refers to gps_functions.o(.text) for GPS_Spreading_Data
    main.o(.text) refers to display.o(.text) for display_error
    main.o(.text) refers to main.o(.constdata) for .constdata
    main.o(.text) refers to main.o(.data) for kkk
    main.o(.text) refers to main.o(.bss) for str
    main.o(.text) refers to gps_functions.o(.data) for GPS_status
    gps_functions.o(.text) refers to strncmp.o(.text) for strncmp
    gps_functions.o(.text) refers to strncpy.o(.text) for strncpy
    gps_functions.o(.text) refers to atof.o(i.__hardfp_atof) for __hardfp_atof
    gps_functions.o(.text) refers to d2f.o(.text) for __aeabi_d2f
    gps_functions.o(.text) refers to f2d.o(.text) for __aeabi_f2d
    gps_functions.o(.text) refers to dmul.o(.text) for __aeabi_dmul
    gps_functions.o(.text) refers to ddiv.o(.text) for __aeabi_ddiv
    gps_functions.o(.text) refers to fabs.o(i.__hardfp_fabs) for __hardfp_fabs
    gps_functions.o(.text) refers to sinf.o(i.__hardfp_sinf) for __hardfp_sinf
    gps_functions.o(.text) refers to cosf.o(i.__hardfp_cosf) for __hardfp_cosf
    gps_functions.o(.text) refers to sqrtf.o(i.__hardfp_sqrtf) for __hardfp_sqrtf
    gps_functions.o(.text) refers to gps_functions.o(.bss) for GPS_time
    gps_functions.o(.text) refers to gps_functions.o(.data) for GPS_status
    gps_functions.o(.text) refers to atanf.o(i.__hardfp_atanf) for __hardfp_atanf
    display.o(.text) refers to lcd.o(.text) for display_String
    display.o(.text) refers to gps_functions.o(.bss) for GPS_time
    lcd.o(.text) refers to systicfunctions.o(.text) for DelayUs
    lcd.o(.text) refers to gpio.o(.text) for GPIO_Init_PortB
    atanf.o(i.__hardfp_atanf) refers (Special) to iusefp.o(.text) for __I$use$fp
    atanf.o(i.__hardfp_atanf) refers to fpclassifyf.o(i.__ARM_fpclassifyf) for __ARM_fpclassifyf
    atanf.o(i.__hardfp_atanf) refers to funder.o(i.__mathlib_flt_underflow) for __mathlib_flt_underflow
    atanf.o(i.__softfp_atanf) refers (Special) to iusefp.o(.text) for __I$use$fp
    atanf.o(i.__softfp_atanf) refers to atanf.o(i.__hardfp_atanf) for __hardfp_atanf
    atanf.o(i.atanf) refers (Special) to iusefp.o(.text) for __I$use$fp
    atanf.o(i.atanf) refers to atanf.o(i.__hardfp_atanf) for __hardfp_atanf
    atanf_x.o(i.____hardfp_atanf$lsc) refers (Special) to iusefp.o(.text) for __I$use$fp
    atanf_x.o(i.____softfp_atanf$lsc) refers (Special) to iusefp.o(.text) for __I$use$fp
    atanf_x.o(i.____softfp_atanf$lsc) refers to atanf_x.o(i.____hardfp_atanf$lsc) for ____hardfp_atanf$lsc
    atanf_x.o(i.__atanf$lsc) refers (Special) to iusefp.o(.text) for __I$use$fp
    atanf_x.o(i.__atanf$lsc) refers to atanf_x.o(i.____hardfp_atanf$lsc) for ____hardfp_atanf$lsc
    atof.o(i.__hardfp_atof) refers (Special) to iusefp.o(.text) for __I$use$fp
    atof.o(i.__hardfp_atof) refers to errno.o(i.__read_errno) for __read_errno
    atof.o(i.__hardfp_atof) refers to strtod.o(.text) for __strtod_int
    atof.o(i.__hardfp_atof) refers to errno.o(i.__set_errno) for __set_errno
    atof.o(i.__softfp_atof) refers (Special) to iusefp.o(.text) for __I$use$fp
    atof.o(i.__softfp_atof) refers to errno.o(i.__read_errno) for __read_errno
    atof.o(i.__softfp_atof) refers to strtod.o(.text) for __strtod_int
    atof.o(i.__softfp_atof) refers to errno.o(i.__set_errno) for __set_errno
    atof.o(i.atof) refers (Special) to iusefp.o(.text) for __I$use$fp
    atof.o(i.atof) refers to errno.o(i.__read_errno) for __read_errno
    atof.o(i.atof) refers to strtod.o(.text) for __strtod_int
    atof.o(i.atof) refers to errno.o(i.__set_errno) for __set_errno
    cosf.o(i.__hardfp_cosf) refers (Special) to iusefp.o(.text) for __I$use$fp
    cosf.o(i.__hardfp_cosf) refers to rredf.o(i.__mathlib_rredf2) for __mathlib_rredf2
    cosf.o(i.__hardfp_cosf) refers to errno.o(i.__set_errno) for __set_errno
    cosf.o(i.__softfp_cosf) refers (Special) to iusefp.o(.text) for __I$use$fp
    cosf.o(i.__softfp_cosf) refers to cosf.o(i.__hardfp_cosf) for __hardfp_cosf
    cosf.o(i.cosf) refers (Special) to iusefp.o(.text) for __I$use$fp
    cosf.o(i.cosf) refers to cosf.o(i.__hardfp_cosf) for __hardfp_cosf
    cosf_x.o(i.____hardfp_cosf$lsc) refers (Special) to iusefp.o(.text) for __I$use$fp
    cosf_x.o(i.____hardfp_cosf$lsc) refers to rredf.o(i.__mathlib_rredf2) for __mathlib_rredf2
    cosf_x.o(i.____hardfp_cosf$lsc) refers to errno.o(i.__set_errno) for __set_errno
    cosf_x.o(i.____softfp_cosf$lsc) refers (Special) to iusefp.o(.text) for __I$use$fp
    cosf_x.o(i.____softfp_cosf$lsc) refers to cosf_x.o(i.____hardfp_cosf$lsc) for ____hardfp_cosf$lsc
    cosf_x.o(i.__cosf$lsc) refers (Special) to iusefp.o(.text) for __I$use$fp
    cosf_x.o(i.__cosf$lsc) refers to cosf_x.o(i.____hardfp_cosf$lsc) for ____hardfp_cosf$lsc
    fabs.o(i.__hardfp_fabs) refers (Special) to iusefp.o(.text) for __I$use$fp
    fabs.o(i.__softfp_fabs) refers (Special) to iusefp.o(.text) for __I$use$fp
    fabs.o(i.fabs) refers (Special) to iusefp.o(.text) for __I$use$fp
    sinf.o(i.__hardfp_sinf) refers (Special) to iusefp.o(.text) for __I$use$fp
    sinf.o(i.__hardfp_sinf) refers to rredf.o(i.__mathlib_rredf2) for __mathlib_rredf2
    sinf.o(i.__hardfp_sinf) refers to fpclassifyf.o(i.__ARM_fpclassifyf) for __ARM_fpclassifyf
    sinf.o(i.__hardfp_sinf) refers to funder.o(i.__mathlib_flt_underflow) for __mathlib_flt_underflow
    sinf.o(i.__hardfp_sinf) refers to errno.o(i.__set_errno) for __set_errno
    sinf.o(i.__softfp_sinf) refers (Special) to iusefp.o(.text) for __I$use$fp
    sinf.o(i.__softfp_sinf) refers to sinf.o(i.__hardfp_sinf) for __hardfp_sinf
    sinf.o(i.sinf) refers (Special) to iusefp.o(.text) for __I$use$fp
    sinf.o(i.sinf) refers to sinf.o(i.__hardfp_sinf) for __hardfp_sinf
    sinf_x.o(i.____hardfp_sinf$lsc) refers (Special) to iusefp.o(.text) for __I$use$fp
    sinf_x.o(i.____hardfp_sinf$lsc) refers to rredf.o(i.__mathlib_rredf2) for __mathlib_rredf2
    sinf_x.o(i.____hardfp_sinf$lsc) refers to errno.o(i.__set_errno) for __set_errno
    sinf_x.o(i.____softfp_sinf$lsc) refers (Special) to iusefp.o(.text) for __I$use$fp
    sinf_x.o(i.____softfp_sinf$lsc) refers to sinf_x.o(i.____hardfp_sinf$lsc) for ____hardfp_sinf$lsc
    sinf_x.o(i.__sinf$lsc) refers (Special) to iusefp.o(.text) for __I$use$fp
    sinf_x.o(i.__sinf$lsc) refers to sinf_x.o(i.____hardfp_sinf$lsc) for ____hardfp_sinf$lsc
    sqrtf.o(i.__hardfp_sqrtf) refers (Special) to iusefp.o(.text) for __I$use$fp
    sqrtf.o(i.__hardfp_sqrtf) refers to errno.o(i.__set_errno) for __set_errno
    sqrtf.o(i.__softfp_sqrtf) refers (Special) to iusefp.o(.text) for __I$use$fp
    sqrtf.o(i.__softfp_sqrtf) refers to errno.o(i.__set_errno) for __set_errno
    sqrtf.o(i.sqrtf) refers (Special) to iusefp.o(.text) for __I$use$fp
    sqrtf.o(i.sqrtf) refers to errno.o(i.__set_errno) for __set_errno
    sqrtf_x.o(i.____hardfp_sqrtf$lsc) refers (Special) to iusefp.o(.text) for __I$use$fp
    sqrtf_x.o(i.____hardfp_sqrtf$lsc) refers to errno.o(i.__set_errno) for __set_errno
    sqrtf_x.o(i.____softfp_sqrtf$lsc) refers (Special) to iusefp.o(.text) for __I$use$fp
    sqrtf_x.o(i.____softfp_sqrtf$lsc) refers to errno.o(i.__set_errno) for __set_errno
    sqrtf_x.o(i.__sqrtf$lsc) refers (Special) to iusefp.o(.text) for __I$use$fp
    sqrtf_x.o(i.__sqrtf$lsc) refers to errno.o(i.__set_errno) for __set_errno
    entry.o(.ARM.Collect$$$$00000000) refers (Special) to entry10a.o(.ARM.Collect$$$$0000000D) for __rt_final_cpp
    entry.o(.ARM.Collect$$$$00000000) refers (Special) to entry11a.o(.ARM.Collect$$$$0000000F) for __rt_final_exit
    entry.o(.ARM.Collect$$$$00000000) refers (Special) to entry7b.o(.ARM.Collect$$$$00000008) for _main_clock
    entry.o(.ARM.Collect$$$$00000000) refers (Special) to entry8b.o(.ARM.Collect$$$$0000000A) for _main_cpp_init
    entry.o(.ARM.Collect$$$$00000000) refers (Special) to entry9a.o(.ARM.Collect$$$$0000000B) for _main_init
    entry.o(.ARM.Collect$$$$00000000) refers (Special) to entry5.o(.ARM.Collect$$$$00000004) for _main_scatterload
    entry.o(.ARM.Collect$$$$00000000) refers (Special) to entry2.o(.ARM.Collect$$$$00000001) for _main_stk
    dmul.o(.text) refers (Special) to iusefp.o(.text) for __I$use$fp
    dmul.o(.text) refers to depilogue.o(.text) for _double_epilogue
    ddiv.o(.text) refers (Special) to iusefp.o(.text) for __I$use$fp
    ddiv.o(.text) refers to depilogue.o(.text) for _double_round
    f2d.o(.text) refers (Special) to iusefp.o(.text) for __I$use$fp
    d2f.o(.text) refers (Special) to iusefp.o(.text) for __I$use$fp
    d2f.o(.text) refers to fepilogue.o(.text) for _float_round
    fpclassifyf.o(i.__ARM_fpclassifyf) refers (Special) to iusefp.o(.text) for __I$use$fp
    rredf.o(i.__mathlib_rredf2) refers (Special) to iusefp.o(.text) for __I$use$fp
    rredf.o(i.__mathlib_rredf2) refers to rredf.o(.constdata) for .constdata
    rredf.o(.constdata) refers (Special) to iusefp.o(.text) for __I$use$fp
    entry2.o(.ARM.Collect$$$$00000001) refers to entry2.o(.ARM.Collect$$$$00002712) for __lit__00000000
    entry2.o(.ARM.Collect$$$$00002712) refers to startup_tm4c123.o(STACK) for __initial_sp
    entry2.o(__vectab_stack_and_reset_area) refers to startup_tm4c123.o(STACK) for __initial_sp
    entry2.o(__vectab_stack_and_reset_area) refers to entry.o(.ARM.Collect$$$$00000000) for __main
    entry5.o(.ARM.Collect$$$$00000004) refers to init.o(.text) for __scatterload
    entry9a.o(.ARM.Collect$$$$0000000B) refers to main.o(.text) for main
    entry9b.o(.ARM.Collect$$$$0000000C) refers to main.o(.text) for main
    errno.o(i.__aeabi_errno_addr) refers to errno.o(.data) for .data
    errno.o(i.__read_errno) refers to errno.o(.data) for .data
    errno.o(i.__set_errno) refers to errno.o(.data) for .data
    strtod.o(.text) refers to scanf_fp.o(.text) for _scanf_real
    strtod.o(.text) refers to _sgetc.o(.text) for _sgetc
    strtod.o(.text) refers to isspace_c.o(.text) for isspace
    depilogue.o(.text) refers to llshl.o(.text) for __aeabi_llsl
    depilogue.o(.text) refers to llushr.o(.text) for __aeabi_llsr
    init.o(.text) refers to entry5.o(.ARM.Collect$$$$00000004) for __main_after_scatterload
    isspace_c.o(.text) refers to ctype_c.o(.text) for __ctype_lookup
    scanf_fp.o(.text) refers (Special) to iusefp.o(.text) for __I$use$fp
    scanf_fp.o(.text) refers to dfltul.o(.text) for __aeabi_ul2d
    scanf_fp.o(.text) refers to dmul.o(.text) for __aeabi_dmul
    scanf_fp.o(.text) refers to ddiv.o(.text) for __aeabi_ddiv
    scanf_fp.o(.text) refers to scanf_fp.o(i._is_digit) for _is_digit
    scanf_fp.o(.text) refers to d2f.o(.text) for __aeabi_d2f
    ctype_c.o(.text) refers to ctype_c.o(.constdata) for .constdata
    dfltul.o(.text) refers to depilogue.o(.text) for _double_epilogue
    scanf_fp.o(i._is_digit) refers (Special) to iusefp.o(.text) for __I$use$fp


==============================================================================

Removing Unused input sections from the image.

    Removing startup_tm4c123.o(HEAP), (0 bytes).
    Removing interruptbtn.o(.text), (164 bytes).

2 unused section(s) (total 164 bytes) removed from the image.

==============================================================================

Memory Map of the image

  Image Entry point : 0x00000000

  Load Region LR_IROM1 (Base: 0x00000000, Size: 0x00002328, Max: 0x00040000, ABSOLUTE)

    Execution Region ER_IROM1 (Base: 0x00000000, Size: 0x000022f0, Max: 0x00040000, ABSOLUTE)

    Base Addr    Size         Type   Attr      Idx    E Section Name        Object

    0x00000000   0x0000026c   Data   RO            3    RESET               startup_tm4c123.o
    0x0000026c   0x00000000   Code   RO          230  * .ARM.Collect$$$$00000000  mc_w.l(entry.o)
    0x0000026c   0x00000004   Code   RO          256    .ARM.Collect$$$$00000001  mc_w.l(entry2.o)
    0x00000270   0x00000004   Code   RO          259    .ARM.Collect$$$$00000004  mc_w.l(entry5.o)
    0x00000274   0x00000000   Code   RO          261    .ARM.Collect$$$$00000008  mc_w.l(entry7b.o)
    0x00000274   0x00000000   Code   RO          263    .ARM.Collect$$$$0000000A  mc_w.l(entry8b.o)
    0x00000274   0x00000008   Code   RO          264    .ARM.Collect$$$$0000000B  mc_w.l(entry9a.o)
    0x0000027c   0x00000000   Code   RO          266    .ARM.Collect$$$$0000000D  mc_w.l(entry10a.o)
    0x0000027c   0x00000000   Code   RO          268    .ARM.Collect$$$$0000000F  mc_w.l(entry11a.o)
    0x0000027c   0x00000004   Code   RO          257    .ARM.Collect$$$$00002712  mc_w.l(entry2.o)
    0x00000280   0x0000010c   Code   RO            4    .text               startup_tm4c123.o
    0x0000038c   0x000000bc   Code   RO           10    .text               main.o
    0x00000448   0x0000048c   Code   RO           60    .text               gps_functions.o
    0x000008d4   0x000000b8   Code   RO           89    .text               display.o
    0x0000098c   0x000001a8   Code   RO          113    .text               lcd.o
    0x00000b34   0x000004f4   Code   RO          125    .text               gpio.o
    0x00001028   0x00000068   Code   RO          137    .text               systicfunctions.o
    0x00001090   0x000002cc   Code   RO          149    .text               uart.o
    0x0000135c   0x00000024   Code   RO          233    .text               mc_w.l(memcpya.o)
    0x00001380   0x00000018   Code   RO          235    .text               mc_w.l(strncpy.o)
    0x00001398   0x0000001e   Code   RO          237    .text               mc_w.l(strncmp.o)
    0x000013b6   0x000000e4   Code   RO          241    .text               mf_w.l(dmul.o)
    0x0000149a   0x000000de   Code   RO          243    .text               mf_w.l(ddiv.o)
    0x00001578   0x00000026   Code   RO          245    .text               mf_w.l(f2d.o)
    0x0000159e   0x00000038   Code   RO          247    .text               mf_w.l(d2f.o)
    0x000015d6   0x00000002   PAD
    0x000015d8   0x0000009c   Code   RO          277    .text               mc_w.l(strtod.o)
    0x00001674   0x00000000   Code   RO          279    .text               mc_w.l(iusefp.o)
    0x00001674   0x0000006c   Code   RO          280    .text               mf_w.l(fepilogue.o)
    0x000016e0   0x000000be   Code   RO          282    .text               mf_w.l(depilogue.o)
    0x0000179e   0x00000002   PAD
    0x000017a0   0x00000024   Code   RO          284    .text               mc_w.l(init.o)
    0x000017c4   0x0000001e   Code   RO          286    .text               mc_w.l(llshl.o)
    0x000017e2   0x00000020   Code   RO          288    .text               mc_w.l(llushr.o)
    0x00001802   0x0000000a   Code   RO          290    .text               mc_w.l(isspace_c.o)
    0x0000180c   0x0000033c   Code   RO          292    .text               mc_w.l(scanf_fp.o)
    0x00001b48   0x00000040   Code   RO          296    .text               mc_w.l(_sgetc.o)
    0x00001b88   0x00000028   Code   RO          298    .text               mc_w.l(ctype_c.o)
    0x00001bb0   0x00000018   Code   RO          301    .text               mf_w.l(dfltul.o)
    0x00001bc8   0x00000026   Code   RO          249    i.__ARM_fpclassifyf  m_wm.l(fpclassifyf.o)
    0x00001bee   0x00000002   PAD
    0x00001bf0   0x00000164   Code   RO          170    i.__hardfp_atanf    m_wm.l(atanf.o)
    0x00001d54   0x00000004   PAD
    0x00001d58   0x00000038   Code   RO          182    i.__hardfp_atof     m_wm.l(atof.o)
    0x00001d90   0x0000015c   Code   RO          188    i.__hardfp_cosf     m_wm.l(cosf.o)
    0x00001eec   0x00000014   Code   RO          200    i.__hardfp_fabs     m_wm.l(fabs.o)
    0x00001f00   0x00000178   Code   RO          206    i.__hardfp_sinf     m_wm.l(sinf.o)
    0x00002078   0x0000003a   Code   RO          218    i.__hardfp_sqrtf    m_wm.l(sqrtf.o)
    0x000020b2   0x00000002   PAD
    0x000020b4   0x00000010   Code   RO          251    i.__mathlib_flt_underflow  m_wm.l(funder.o)
    0x000020c4   0x00000140   Code   RO          253    i.__mathlib_rredf2  m_wm.l(rredf.o)
    0x00002204   0x0000000c   Code   RO          271    i.__read_errno      mc_w.l(errno.o)
    0x00002210   0x0000000c   Code   RO          272    i.__set_errno       mc_w.l(errno.o)
    0x0000221c   0x0000000e   Code   RO          294    i._is_digit         mc_w.l(scanf_fp.o)
    0x0000222a   0x00000002   PAD
    0x0000222c   0x00000064   Data   RO           12    .constdata          main.o
    0x00002290   0x00000020   Data   RO          254    .constdata          m_wm.l(rredf.o)
    0x000022b0   0x00000040   Data   RO          299    .constdata          mc_w.l(ctype_c.o)
    0x000022f0   0x00000000   Data   RO          303    Region$$Table       anon$$obj.o


    Execution Region RW_IRAM1 (Base: 0x20000000, Size: 0x000002a8, Max: 0x00008000, ABSOLUTE)

    Base Addr    Size         Type   Attr      Idx    E Section Name        Object

    0x20000000   0x00000005   Data   RW           13    .data               main.o
    0x20000005   0x00000003   PAD
    0x20000008   0x0000002b   Data   RW           62    .data               gps_functions.o
    0x20000033   0x00000001   PAD
    0x20000034   0x00000004   Data   RW          273    .data               mc_w.l(errno.o)
    0x20000038   0x00000064   Zero   RW           11    .bss                main.o
    0x2000009c   0x0000000b   Zero   RW           61    .bss                gps_functions.o
    0x200000a7   0x00000001   PAD
    0x200000a8   0x00000200   Zero   RW            1    STACK               startup_tm4c123.o

