<html>
<body>
<pre>
<h1>µVision Build Log</h1>
<h2>Project:</h2>
F:\Lolo\ENG YAYA\college\Jonior Electronics\Embedded\Project\Embedded_GPS_Project\project.uvproj
Project File Date:  04/27/2025

<h2>Output:</h2>
Rebuild target 'Target 1'
assembling startup_TM4C123.s...
compiling main.c...
main.c(4): warning:  #1-D: last line of file ends without a newline
  }
main.c: 1 warning, 0 errors
compiling LCD.c...
systickFunctions.h(11): warning:  #1-D: last line of file ends without a newline
  #endif // SYSTICKSIMPLE_H
LCD.c: 1 warning, 0 errors
compiling GPIO.c...
compiling systicFunctions.c...
systickFunctions.h(11): warning:  #1-D: last line of file ends without a newline
  #endif // SYSTICKSIMPLE_H
systicFunctions.c: 1 warning, 0 errors
linking...
Program Size: Code=528 RO-data=636 RW-data=0 ZI-data=608  
".\project.axf" - 0 Error(s), 3 Warning(s).
</pre>
</body>
</html>
ror(s), 3 Warning(s).
Target not created
ing...
Program Size: Code=528 RO-data=636 RW-data=0 ZI-data=608  
".\project.axf" - 0 Error(s), 5 Warning(s).
s), 4 Warning(s).
Target not created
ng and 2 error messages.
".\project.axf" - 2 Error(s), 4 Warning(s).
Target not created
c: 7 warnings, 0 errors
compiling GPIO.c...
bit_utilies.h(13): warning:  #1-D: last line of file ends without a newline
  #endif
GPIO.h(23): warning:  #47-D: incompatible redefinition of macro "SET_BIT" (declared at line 8 of "bit_utilies.h")
  #define SET_BIT(reg,bit)      reg |= (1<<bit)
GPIO.h(24): warning:  #47-D: incompatible redefinition of macro "CLR_BIT" (declared at line 11 of "bit_utilies.h")
  #define CLR_BIT(reg,bit)      reg &= ~(1<<bit)
GPIO.h(25): warning:  #47-D: incompatible redefinition of macro "GET_BIT" (declared at line 4 of "bit_utilies.h")
  #define GET_BIT(reg,bit)      ((reg>>bit)&0x01)
GPIO.c: 4 warnings, 0 errors
compiling systicFunctions.c...
systickFunctions.h(11): warning:  #1-D: last line of file ends without a newline
  #endif // SYSTICKSIMPLE_H
systicFunctions.c: 1 warning, 0 errors
linking...
.\project.axf: Error: L6218E: Undefined symbol GPIO_Init_PortC_LCD (referred from lcd.o).
.\project.axf: Error: L6218E: Undefined symbol main (referred from rtentry2.o).
Not enough information to list image symbols.
Finished: 1 information, 0 warning and 2 error messages.
".\project.axf" - 2 Error(s), 12 Warning(s).
Target not created
