ARM Linker, 5.03 [Build 76] [MDK-ARM Lite]

==============================================================================

Section Cross References

    startup_tm4c123.o(RESET) refers to startup_tm4c123.o(STACK) for __initial_sp
    startup_tm4c123.o(RESET) refers to startup_tm4c123.o(.text) for Reset_Handler
    startup_tm4c123.o(.text) refers to entry.o(.ARM.Collect$$$$00000000) for __main
    main.o(.text) refers to memcpya.o(.text) for __aeabi_memcpy4
    main.o(.text) refers to systicfunctions.o(.text) for SysTick_Init
    main.o(.text) refers to lcd.o(.text) for init_LCD
    main.o(.text) refers to uart.o(.text) for UART0_vInit
    main.o(.text) refers to gps_functions.o(.text) for GPS_Spreading_Data
    main.o(.text) refers to display.o(.text) for display_error
    main.o(.text) refers to main.o(.constdata) for .constdata
    main.o(.text) refers to main.o(.data) for kkk
    main.o(.text) refers to main.o(.bss) for str
    main.o(.text) refers to gps_functions.o(.data) for GPS_status
    gps_functions.o(.text) refers to strncmp.o(.text) for strncmp
    gps_functions.o(.text) refers to strncpy.o(.text) for strncpy
    gps_functions.o(.text) refers to atof.o(i.__hardfp_atof) for __hardfp_atof
    gps_functions.o(.text) refers to d2f.o(.text) for __aeabi_d2f
    gps_functions.o(.text) refers to f2d.o(.text) for __aeabi_f2d
    gps_functions.o(.text) refers to dmul.o(.text) for __aeabi_dmul
    gps_functions.o(.text) refers to ddiv.o(.text) for __aeabi_ddiv
    gps_functions.o(.text) refers to fabs.o(i.__hardfp_fabs) for __hardfp_fabs
    gps_functions.o(.text) refers to sinf.o(i.__hardfp_sinf) for __hardfp_sinf
    gps_functions.o(.text) refers to cosf.o(i.__hardfp_cosf) for __hardfp_cosf
    gps_functions.o(.text) refers to sqrtf.o(i.__hardfp_sqrtf) for __hardfp_sqrtf
    gps_functions.o(.text) refers to gps_functions.o(.bss) for GPS_time
    gps_functions.o(.text) refers to gps_functions.o(.data) for GPS_status
    gps_functions.o(.text) refers to atanf.o(i.__hardfp_atanf) for __hardfp_atanf
    display.o(.text) refers to lcd.o(.text) for display_String
    display.o(.text) refers to gps_functions.o(.bss) for GPS_time
    lcd.o(.text) refers to systicfunctions.o(.text) for DelayUs
    lcd.o(.text) refers to gpio.o(.text) for GPIO_Init_PortB
    atanf.o(i.__hardfp_atanf) refers (Special) to iusefp.o(.text) for __I$use$fp
    atanf.o(i.__hardfp_atanf) refers to fpclassifyf.o(i.__ARM_fpclassifyf) for __ARM_fpclassifyf
    atanf.o(i.__hardfp_atanf) refers to funder.o(i.__mathlib_flt_underflow) for __mathlib_flt_underflow
    atanf.o(i.__softfp_atanf) refers (Special) to iusefp.o(.text) for __I$use$fp
    atanf.o(i.__softfp_atanf) refers to atanf.o(i.__hardfp_atanf) for __hardfp_atanf
    atanf.o(i.atanf) refers (Special) to iusefp.o(.text) for __I$use$fp
    atanf.o(i.atanf) refers to atanf.o(i.__hardfp_atanf) for __hardfp_atanf
    atanf_x.o(i.____hardfp_atanf$lsc) refers (Special) to iusefp.o(.text) for __I$use$fp
    atanf_x.o(i.____softfp_atanf$lsc) refers (Special) to iusefp.o(.text) for __I$use$fp
    atanf_x.o(i.____softfp_atanf$lsc) refers to atanf_x.o(i.____hardfp_atanf$lsc) for ____hardfp_atanf$lsc
    atanf_x.o(i.__atanf$lsc) refers (Special) to iusefp.o(.text) for __I$use$fp
    atanf_x.o(i.__atanf$lsc) refers to atanf_x.o(i.____hardfp_atanf$lsc) for ____hardfp_atanf$lsc
    atof.o(i.__hardfp_atof) refers (Special) to iusefp.o(.text) for __I$use$fp
    atof.o(i.__hardfp_atof) refers to errno.o(i.__read_errno) for __read_errno
    atof.o(i.__hardfp_atof) refers to strtod.o(.text) for __strtod_int
    atof.o(i.__hardfp_atof) refers to errno.o(i.__set_errno) for __set_errno
    atof.o(i.__softfp_atof) refers (Special) to iusefp.o(.text) for __I$use$fp
    atof.o(i.__softfp_atof) refers to errno.o(i.__read_errno) for __read_errno
    atof.o(i.__softfp_atof) refers to strtod.o(.text) for __strtod_int
    atof.o(i.__softfp_atof) refers to errno.o(i.__set_errno) for __set_errno
    atof.o(i.atof) refers (Special) to iusefp.o(.text) for __I$use$fp
    atof.o(i.atof) refers to errno.o(i.__read_errno) for __read_errno
    atof.o(i.atof) refers to strtod.o(.text) for __strtod_int
    atof.o(i.atof) refers to errno.o(i.__set_errno) for __set_errno
    cosf.o(i.__hardfp_cosf) refers (Special) to iusefp.o(.text) for __I$use$fp
    cosf.o(i.__hardfp_cosf) refers to rredf.o(i.__mathlib_rredf2) for __mathlib_rredf2
    cosf.o(i.__hardfp_cosf) refers to errno.o(i.__set_errno) for __set_errno
    cosf.o(i.__softfp_cosf) refers (Special) to iusefp.o(.text) for __I$use$fp
    cosf.o(i.__softfp_cosf) refers to cosf.o(i.__hardfp_cosf) for __hardfp_cosf
    cosf.o(i.cosf) refers (Special) to iusefp.o(.text) for __I$use$fp
    cosf.o(i.cosf) refers to cosf.o(i.__hardfp_cosf) for __hardfp_cosf
    cosf_x.o(i.____hardfp_cosf$lsc) refers (Special) to iusefp.o(.text) for __I$use$fp
    cosf_x.o(i.____hardfp_cosf$lsc) refers to rredf.o(i.__mathlib_rredf2) for __mathlib_rredf2
    cosf_x.o(i.____hardfp_cosf$lsc) refers to errno.o(i.__set_errno) for __set_errno
    cosf_x.o(i.____softfp_cosf$lsc) refers (Special) to iusefp.o(.text) for __I$use$fp
    cosf_x.o(i.____softfp_cosf$lsc) refers to cosf_x.o(i.____hardfp_cosf$lsc) for ____hardfp_cosf$lsc
    cosf_x.o(i.__cosf$lsc) refers (Special) to iusefp.o(.text) for __I$use$fp
    cosf_x.o(i.__cosf$lsc) refers to cosf_x.o(i.____hardfp_cosf$lsc) for ____hardfp_cosf$lsc
    fabs.o(i.__hardfp_fabs) refers (Special) to iusefp.o(.text) for __I$use$fp
    fabs.o(i.__softfp_fabs) refers (Special) to iusefp.o(.text) for __I$use$fp
    fabs.o(i.fabs) refers (Special) to iusefp.o(.text) for __I$use$fp
    sinf.o(i.__hardfp_sinf) refers (Special) to iusefp.o(.text) for __I$use$fp
    sinf.o(i.__hardfp_sinf) refers to rredf.o(i.__mathlib_rredf2) for __mathlib_rredf2
    sinf.o(i.__hardfp_sinf) refers to fpclassifyf.o(i.__ARM_fpclassifyf) for __ARM_fpclassifyf
    sinf.o(i.__hardfp_sinf) refers to funder.o(i.__mathlib_flt_underflow) for __mathlib_flt_underflow
    sinf.o(i.__hardfp_sinf) refers to errno.o(i.__set_errno) for __set_errno
    sinf.o(i.__softfp_sinf) refers (Special) to iusefp.o(.text) for __I$use$fp
    sinf.o(i.__softfp_sinf) refers to sinf.o(i.__hardfp_sinf) for __hardfp_sinf
    sinf.o(i.sinf) refers (Special) to iusefp.o(.text) for __I$use$fp
    sinf.o(i.sinf) refers to sinf.o(i.__hardfp_sinf) for __hardfp_sinf
    sinf_x.o(i.____hardfp_sinf$lsc) refers (Special) to iusefp.o(.text) for __I$use$fp
    sinf_x.o(i.____hardfp_sinf$lsc) refers to rredf.o(i.__mathlib_rredf2) for __mathlib_rredf2
    sinf_x.o(i.____hardfp_sinf$lsc) refers to errno.o(i.__set_errno) for __set_errno
    sinf_x.o(i.____softfp_sinf$lsc) refers (Special) to iusefp.o(.text) for __I$use$fp
    sinf_x.o(i.____softfp_sinf$lsc) refers to sinf_x.o(i.____hardfp_sinf$lsc) for ____hardfp_sinf$lsc
    sinf_x.o(i.__sinf$lsc) refers (Special) to iusefp.o(.text) for __I$use$fp
    sinf_x.o(i.__sinf$lsc) refers to sinf_x.o(i.____hardfp_sinf$lsc) for ____hardfp_sinf$lsc
    sqrtf.o(i.__hardfp_sqrtf) refers (Special) to iusefp.o(.text) for __I$use$fp
    sqrtf.o(i.__hardfp_sqrtf) refers to errno.o(i.__set_errno) for __set_errno
    sqrtf.o(i.__softfp_sqrtf) refers (Special) to iusefp.o(.text) for __I$use$fp
    sqrtf.o(i.__softfp_sqrtf) refers to errno.o(i.__set_errno) for __set_errno
    sqrtf.o(i.sqrtf) refers (Special) to iusefp.o(.text) for __I$use$fp
    sqrtf.o(i.sqrtf) refers to errno.o(i.__set_errno) for __set_errno
    sqrtf_x.o(i.____hardfp_sqrtf$lsc) refers (Special) to iusefp.o(.text) for __I$use$fp
    sqrtf_x.o(i.____hardfp_sqrtf$lsc) refers to errno.o(i.__set_errno) for __set_errno
    sqrtf_x.o(i.____softfp_sqrtf$lsc) refers (Special) to iusefp.o(.text) for __I$use$fp
    sqrtf_x.o(i.____softfp_sqrtf$lsc) refers to errno.o(i.__set_errno) for __set_errno
    sqrtf_x.o(i.__sqrtf$lsc) refers (Special) to iusefp.o(.text) for __I$use$fp
    sqrtf_x.o(i.__sqrtf$lsc) refers to errno.o(i.__set_errno) for __set_errno
    entry.o(.ARM.Collect$$$$00000000) refers (Special) to entry10a.o(.ARM.Collect$$$$0000000D) for __rt_final_cpp
    entry.o(.ARM.Collect$$$$00000000) refers (Special) to entry11a.o(.ARM.Collect$$$$0000000F) for __rt_final_exit
    entry.o(.ARM.Collect$$$$00000000) refers (Special) to entry7b.o(.ARM.Collect$$$$00000008) for _main_clock
    entry.o(.ARM.Collect$$$$00000000) refers (Special) to entry8b.o(.ARM.Collect$$$$0000000A) for _main_cpp_init
    entry.o(.ARM.Collect$$$$00000000) refers (Special) to entry9a.o(.ARM.Collect$$$$0000000B) for _main_init
    entry.o(.ARM.Collect$$$$00000000) refers (Special) to entry5.o(.ARM.Collect$$$$00000004) for _main_scatterload
    entry.o(.ARM.Collect$$$$00000000) refers (Special) to entry2.o(.ARM.Collect$$$$00000001) for _main_stk
    dmul.o(.text) refers (Special) to iusefp.o(.text) for __I$use$fp
    dmul.o(.text) refers to depilogue.o(.text) for _double_epilogue
    ddiv.o(.text) refers (Special) to iusefp.o(.text) for __I$use$fp
    ddiv.o(.text) refers to depilogue.o(.text) for _double_round
    f2d.o(.text) refers (Special) to iusefp.o(.text) for __I$use$fp
    d2f.o(.text) refers (Special) to iusefp.o(.text) for __I$use$fp
    d2f.o(.text) refers to fepilogue.o(.text) for _float_round
    fpclassifyf.o(i.__ARM_fpclassifyf) refers (Special) to iusefp.o(.text) for __I$use$fp
    rredf.o(i.__mathlib_rredf2) refers (Special) to iusefp.o(.text) for __I$use$fp
    rredf.o(i.__mathlib_rredf2) refers to rredf.o(.constdata) for .constdata
    rredf.o(.constdata) refers (Special) to iusefp.o(.text) for __I$use$fp
    entry2.o(.ARM.Collect$$$$00000001) refers to entry2.o(.ARM.Collect$$$$00002712) for __lit__00000000
    entry2.o(.ARM.Collect$$$$00002712) refers to startup_tm4c123.o(STACK) for __initial_sp
    entry2.o(__vectab_stack_and_reset_area) refers to startup_tm4c123.o(STACK) for __initial_sp
    entry2.o(__vectab_stack_and_reset_area) refers to entry.o(.ARM.Collect$$$$00000000) for __main
    entry5.o(.ARM.Collect$$$$00000004) refers to init.o(.text) for __scatterload
    entry9a.o(.ARM.Collect$$$$0000000B) refers to main.o(.text) for main
    entry9b.o(.ARM.Collect$$$$0000000C) refers to main.o(.text) for main
    errno.o(i.__aeabi_errno_addr) refers to errno.o(.data) for .data
    errno.o(i.__read_errno) refers to errno.o(.data) for .data
    errno.o(i.__set_errno) refers to errno.o(.data) for .data
    strtod.o(.text) refers to scanf_fp.o(.text) for _scanf_real
    strtod.o(.text) refers to _sgetc.o(.text) for _sgetc
    strtod.o(.text) refers to isspace_c.o(.text) for isspace
    depilogue.o(.text) refers to llshl.o(.text) for __aeabi_llsl
    depilogue.o(.text) refers to llushr.o(.text) for __aeabi_llsr
    init.o(.text) refers to entry5.o(.ARM.Collect$$$$00000004) for __main_after_scatterload
    isspace_c.o(.text) refers to ctype_c.o(.text) for __ctype_lookup
    scanf_fp.o(.text) refers (Special) to iusefp.o(.text) for __I$use$fp
    scanf_fp.o(.text) refers to dfltul.o(.text) for __aeabi_ul2d
    scanf_fp.o(.text) refers to dmul.o(.text) for __aeabi_dmul
    scanf_fp.o(.text) refers to ddiv.o(.text) for __aeabi_ddiv
    scanf_fp.o(.text) refers to scanf_fp.o(i._is_digit) for _is_digit
    scanf_fp.o(.text) refers to d2f.o(.text) for __aeabi_d2f
    ctype_c.o(.text) refers to ctype_c.o(.constdata) for .constdata
    dfltul.o(.text) refers to depilogue.o(.text) for _double_epilogue
    scanf_fp.o(i._is_digit) refers (Special) to iusefp.o(.text) for __I$use$fp


==============================================================================

Removing Unused input sections from the image.

    Removing startup_tm4c123.o(HEAP), (0 bytes).

1 unused section(s) (total 0 bytes) removed from the image.

==============================================================================

Image Symbol Table

    Local Symbols

    Symbol Name                              Value     Ov Type        Size  Object(Section)

    RESET                                    0x00000000   Section      620  startup_tm4c123.o(RESET)
    ../clib/microlib/ctype/ctype.c           0x00000000   Number         0  isspace_c.o ABSOLUTE
    ../clib/microlib/ctype/ctype.c           0x00000000   Number         0  ctype_c.o ABSOLUTE
    ../clib/microlib/errno.c                 0x00000000   Number         0  errno.o ABSOLUTE
    ../clib/microlib/init/entry.s            0x00000000   Number         0  entry9b.o ABSOLUTE
    ../clib/microlib/init/entry.s            0x00000000   Number         0  entry10b.o ABSOLUTE
    ../clib/microlib/init/entry.s            0x00000000   Number         0  entry7b.o ABSOLUTE
    ../clib/microlib/init/entry.s            0x00000000   Number         0  entry7a.o ABSOLUTE
    ../clib/microlib/init/entry.s            0x00000000   Number         0  entry8b.o ABSOLUTE
    ../clib/microlib/init/entry.s            0x00000000   Number         0  entry2.o ABSOLUTE
    ../clib/microlib/init/entry.s            0x00000000   Number         0  entry10a.o ABSOLUTE
    ../clib/microlib/init/entry.s            0x00000000   Number         0  entry8a.o ABSOLUTE
    ../clib/microlib/init/entry.s            0x00000000   Number         0  entry.o ABSOLUTE
    ../clib/microlib/init/entry.s            0x00000000   Number         0  entry9a.o ABSOLUTE
    ../clib/microlib/init/entry.s            0x00000000   Number         0  entry11b.o ABSOLUTE
    ../clib/microlib/init/entry.s            0x00000000   Number         0  entry11a.o ABSOLUTE
    ../clib/microlib/init/entry.s            0x00000000   Number         0  entry5.o ABSOLUTE
    ../clib/microlib/longlong.c              0x00000000   Number         0  llushr.o ABSOLUTE
    ../clib/microlib/longlong.c              0x00000000   Number         0  llshl.o ABSOLUTE
    ../clib/microlib/string/memcpy.c         0x00000000   Number         0  memcpyb.o ABSOLUTE
    ../clib/microlib/string/memcpy.c         0x00000000   Number         0  memcpya.o ABSOLUTE
    ../clib/microlib/string/strncmp.c        0x00000000   Number         0  strncmp.o ABSOLUTE
    ../clib/microlib/string/strncpy.c        0x00000000   Number         0  strncpy.o ABSOLUTE
    ../clib/microlib/stubs.s                 0x00000000   Number         0  iusefp.o ABSOLUTE
    ../clib/scanf.c                          0x00000000   Number         0  scanf_fp.o ABSOLUTE
    ../clib/scanf.c                          0x00000000   Number         0  strtod.o ABSOLUTE
    ../clib/scanf.c                          0x00000000   Number         0  _sgetc.o ABSOLUTE
    ../fplib/microlib/d2f.c                  0x00000000   Number         0  d2f.o ABSOLUTE
    ../fplib/microlib/f2d.c                  0x00000000   Number         0  f2d.o ABSOLUTE
    ../fplib/microlib/fpdiv.c                0x00000000   Number         0  ddiv.o ABSOLUTE
    ../fplib/microlib/fpepilogue.c           0x00000000   Number         0  fepilogue.o ABSOLUTE
    ../fplib/microlib/fpepilogue.c           0x00000000   Number         0  depilogue.o ABSOLUTE
    ../fplib/microlib/fpflt.c                0x00000000   Number         0  dfltul.o ABSOLUTE
    ../fplib/microlib/fpmul.c                0x00000000   Number         0  dmul.o ABSOLUTE
    ../mathlib/atanf.c                       0x00000000   Number         0  atanf.o ABSOLUTE
    ../mathlib/atanf.c                       0x00000000   Number         0  atanf_x.o ABSOLUTE
    ../mathlib/atof.c                        0x00000000   Number         0  atof.o ABSOLUTE
    ../mathlib/cosf.c                        0x00000000   Number         0  cosf.o ABSOLUTE
    ../mathlib/cosf.c                        0x00000000   Number         0  cosf_x.o ABSOLUTE
    ../mathlib/fabs.c                        0x00000000   Number         0  fabs.o ABSOLUTE
    ../mathlib/fpclassifyf.c                 0x00000000   Number         0  fpclassifyf.o ABSOLUTE
    ../mathlib/funder.c                      0x00000000   Number         0  funder.o ABSOLUTE
    ../mathlib/rredf.c                       0x00000000   Number         0  rredf.o ABSOLUTE
    ../mathlib/sinf.c                        0x00000000   Number         0  sinf_x.o ABSOLUTE
    ../mathlib/sinf.c                        0x00000000   Number         0  sinf.o ABSOLUTE
    ../mathlib/sqrtf.c                       0x00000000   Number         0  sqrtf_x.o ABSOLUTE
    ../mathlib/sqrtf.c                       0x00000000   Number         0  sqrtf.o ABSOLUTE
    Display.c                                0x00000000   Number         0  display.o ABSOLUTE
    GPIO.c                                   0x00000000   Number         0  gpio.o ABSOLUTE
    GPS_functions.c                          0x00000000   Number         0  gps_functions.o ABSOLUTE
    LCD.c                                    0x00000000   Number         0  lcd.o ABSOLUTE
    TRY UART.c                               0x00000000   Number         0  try uart.o ABSOLUTE
    dc.s                                     0x00000000   Number         0  dc.o ABSOLUTE
    handlers.s                               0x00000000   Number         0  handlers.o ABSOLUTE
    init.s                                   0x00000000   Number         0  init.o ABSOLUTE
    main.c                                   0x00000000   Number         0  main.o ABSOLUTE
    startup_TM4C123.s                        0x00000000   Number         0  startup_tm4c123.o ABSOLUTE
    systicFunctions.c                        0x00000000   Number         0  systicfunctions.o ABSOLUTE
    uart.c                                   0x00000000   Number         0  uart.o ABSOLUTE
    .ARM.Collect$$$$00000000                 0x0000026c   Section        0  entry.o(.ARM.Collect$$$$00000000)
    .ARM.Collect$$$$00000001                 0x0000026c   Section        4  entry2.o(.ARM.Collect$$$$00000001)
    .ARM.Collect$$$$00000004                 0x00000270   Section        4  entry5.o(.ARM.Collect$$$$00000004)
    .ARM.Collect$$$$00000008                 0x00000274   Section        0  entry7b.o(.ARM.Collect$$$$00000008)
    .ARM.Collect$$$$0000000A                 0x00000274   Section        0  entry8b.o(.ARM.Collect$$$$0000000A)
    .ARM.Collect$$$$0000000B                 0x00000274   Section        8  entry9a.o(.ARM.Collect$$$$0000000B)
    .ARM.Collect$$$$0000000D                 0x0000027c   Section        0  entry10a.o(.ARM.Collect$$$$0000000D)
    .ARM.Collect$$$$0000000F                 0x0000027c   Section        0  entry11a.o(.ARM.Collect$$$$0000000F)
    .ARM.Collect$$$$00002712                 0x0000027c   Section        4  entry2.o(.ARM.Collect$$$$00002712)
    __lit__00000000                          0x0000027c   Data           4  entry2.o(.ARM.Collect$$$$00002712)
    .text                                    0x00000280   Section      268  startup_tm4c123.o(.text)
    $v0                                      0x00000280   Number         0  startup_tm4c123.o(.text)
    .text                                    0x0000038c   Section        0  main.o(.text)
    .text                                    0x00000448   Section        0  gps_functions.o(.text)
    .text                                    0x000008d4   Section        0  display.o(.text)
    .text                                    0x0000098c   Section        0  lcd.o(.text)
    .text                                    0x00000b34   Section        0  gpio.o(.text)
    .text                                    0x00001028   Section        0  systicfunctions.o(.text)
    .text                                    0x00001090   Section        0  uart.o(.text)
    .text                                    0x0000135c   Section        0  memcpya.o(.text)
    .text                                    0x00001380   Section        0  strncpy.o(.text)
    .text                                    0x00001398   Section        0  strncmp.o(.text)
    .text                                    0x000013b6   Section        0  dmul.o(.text)
    .text                                    0x0000149a   Section        0  ddiv.o(.text)
    .text                                    0x00001578   Section        0  f2d.o(.text)
    .text                                    0x0000159e   Section        0  d2f.o(.text)
    .text                                    0x000015d8   Section        0  strtod.o(.text)
    _local_sscanf                            0x000015d9   Thumb Code    54  strtod.o(.text)
    .text                                    0x00001674   Section        0  iusefp.o(.text)
    .text                                    0x00001674   Section        0  fepilogue.o(.text)
    .text                                    0x000016e0   Section        0  depilogue.o(.text)
    .text                                    0x000017a0   Section       36  init.o(.text)
    .text                                    0x000017c4   Section        0  llshl.o(.text)
    .text                                    0x000017e2   Section        0  llushr.o(.text)
    .text                                    0x00001802   Section        0  isspace_c.o(.text)
    .text                                    0x0000180c   Section        0  scanf_fp.o(.text)
    _fp_value                                0x0000180d   Thumb Code   256  scanf_fp.o(.text)
    .text                                    0x00001b48   Section        0  _sgetc.o(.text)
    .text                                    0x00001b88   Section        0  ctype_c.o(.text)
    .text                                    0x00001bb0   Section        0  dfltul.o(.text)
    i.__ARM_fpclassifyf                      0x00001bc8   Section        0  fpclassifyf.o(i.__ARM_fpclassifyf)
    i.__hardfp_atanf                         0x00001bf0   Section        0  atanf.o(i.__hardfp_atanf)
    i.__hardfp_atof                          0x00001d58   Section        0  atof.o(i.__hardfp_atof)
    i.__hardfp_cosf                          0x00001d90   Section        0  cosf.o(i.__hardfp_cosf)
    i.__hardfp_fabs                          0x00001eec   Section        0  fabs.o(i.__hardfp_fabs)
    i.__hardfp_sinf                          0x00001f00   Section        0  sinf.o(i.__hardfp_sinf)
    i.__hardfp_sqrtf                         0x00002078   Section        0  sqrtf.o(i.__hardfp_sqrtf)
    i.__mathlib_flt_underflow                0x000020b4   Section        0  funder.o(i.__mathlib_flt_underflow)
    i.__mathlib_rredf2                       0x000020c4   Section        0  rredf.o(i.__mathlib_rredf2)
    i.__read_errno                           0x00002204   Section        0  errno.o(i.__read_errno)
    i.__scatterload_copy                     0x00002210   Section       14  handlers.o(i.__scatterload_copy)
    i.__scatterload_null                     0x0000221e   Section        2  handlers.o(i.__scatterload_null)
    i.__scatterload_zeroinit                 0x00002220   Section       14  handlers.o(i.__scatterload_zeroinit)
    i.__set_errno                            0x00002230   Section        0  errno.o(i.__set_errno)
    i._is_digit                              0x0000223c   Section        0  scanf_fp.o(i._is_digit)
    .constdata                               0x0000224c   Section      100  main.o(.constdata)
    .constdata                               0x000022b0   Section       32  rredf.o(.constdata)
    twooverpi                                0x000022b0   Data          32  rredf.o(.constdata)
    .constdata                               0x000022d0   Section       64  ctype_c.o(.constdata)
    .data                                    0x20000000   Section        5  main.o(.data)
    .data                                    0x20000008   Section       43  gps_functions.o(.data)
    .data                                    0x20000034   Section        4  errno.o(.data)
    _errno                                   0x20000034   Data           4  errno.o(.data)
    .bss                                     0x20000038   Section      100  main.o(.bss)
    .bss                                     0x2000009c   Section       11  gps_functions.o(.bss)
    STACK                                    0x200000a8   Section      512  startup_tm4c123.o(STACK)

    Global Symbols

    Symbol Name                              Value     Ov Type        Size  Object(Section)

    BuildAttributes$$THM_ISAv4$E$P$D$K$B$S$7EM$VFPi3$EXTD16$VFPS$VFMA$PE$A:L22UL41UL21$X:L11$S22US41US21$IEEE1$IW$USESV6$~STKCKD$USESV7$~SHL$OTIME$ROPI$IEEEX$EBA8$MICROLIB$REQ8$PRES8$EABIv2 0x00000000   Number         0  anon$$obj.o ABSOLUTE
    __ARM_use_no_argv                        0x00000000   Number         0  main.o ABSOLUTE
    __Vectors                                0x00000000   Data           4  startup_tm4c123.o(RESET)
    __cpp_initialize__aeabi_                  - Undefined Weak Reference
    __cxa_finalize                            - Undefined Weak Reference
    __decompress                              - Undefined Weak Reference
    _clock_init                               - Undefined Weak Reference
    _microlib_exit                            - Undefined Weak Reference
    __Vectors_End                            0x0000026c   Data           0  startup_tm4c123.o(RESET)
    __Vectors_Size                           0x0000026c   Number         0  startup_tm4c123.o ABSOLUTE
    __main                                   0x0000026d   Thumb Code     0  entry.o(.ARM.Collect$$$$00000000)
    _main_stk                                0x0000026d   Thumb Code     0  entry2.o(.ARM.Collect$$$$00000001)
    _main_scatterload                        0x00000271   Thumb Code     0  entry5.o(.ARM.Collect$$$$00000004)
    __main_after_scatterload                 0x00000275   Thumb Code     0  entry5.o(.ARM.Collect$$$$00000004)
    _main_clock                              0x00000275   Thumb Code     0  entry7b.o(.ARM.Collect$$$$00000008)
    _main_cpp_init                           0x00000275   Thumb Code     0  entry8b.o(.ARM.Collect$$$$0000000A)
    _main_init                               0x00000275   Thumb Code     0  entry9a.o(.ARM.Collect$$$$0000000B)
    __rt_final_cpp                           0x0000027d   Thumb Code     0  entry10a.o(.ARM.Collect$$$$0000000D)
    __rt_final_exit                          0x0000027d   Thumb Code     0  entry11a.o(.ARM.Collect$$$$0000000F)
    Reset_Handler                            0x00000281   Thumb Code    24  startup_tm4c123.o(.text)
    NMI_Handler                              0x00000299   Thumb Code     2  startup_tm4c123.o(.text)
    HardFault_Handler                        0x0000029b   Thumb Code     2  startup_tm4c123.o(.text)
    MemManage_Handler                        0x0000029d   Thumb Code     2  startup_tm4c123.o(.text)
    BusFault_Handler                         0x0000029f   Thumb Code     2  startup_tm4c123.o(.text)
    UsageFault_Handler                       0x000002a1   Thumb Code     2  startup_tm4c123.o(.text)
    SVC_Handler                              0x000002a3   Thumb Code     2  startup_tm4c123.o(.text)
    DebugMon_Handler                         0x000002a5   Thumb Code     2  startup_tm4c123.o(.text)
    PendSV_Handler                           0x000002a7   Thumb Code     2  startup_tm4c123.o(.text)
    SysTick_Handler                          0x000002a9   Thumb Code     2  startup_tm4c123.o(.text)
    GPIOA_Handler                            0x000002ab   Thumb Code     2  startup_tm4c123.o(.text)
    GPIOB_Handler                            0x000002ad   Thumb Code     2  startup_tm4c123.o(.text)
    GPIOC_Handler                            0x000002af   Thumb Code     2  startup_tm4c123.o(.text)
    GPIOD_Handler                            0x000002b1   Thumb Code     2  startup_tm4c123.o(.text)
    GPIOE_Handler                            0x000002b3   Thumb Code     2  startup_tm4c123.o(.text)
    UART0_Handler                            0x000002b5   Thumb Code     2  startup_tm4c123.o(.text)
    UART1_Handler                            0x000002b7   Thumb Code     2  startup_tm4c123.o(.text)
    SSI0_Handler                             0x000002b9   Thumb Code     2  startup_tm4c123.o(.text)
    I2C0_Handler                             0x000002bb   Thumb Code     2  startup_tm4c123.o(.text)
    PMW0_FAULT_Handler                       0x000002bd   Thumb Code     2  startup_tm4c123.o(.text)
    PWM0_0_Handler                           0x000002bf   Thumb Code     2  startup_tm4c123.o(.text)
    PWM0_1_Handler                           0x000002c1   Thumb Code     2  startup_tm4c123.o(.text)
    PWM0_2_Handler                           0x000002c3   Thumb Code     2  startup_tm4c123.o(.text)
    QEI0_Handler                             0x000002c5   Thumb Code     2  startup_tm4c123.o(.text)
    ADC0SS0_Handler                          0x000002c7   Thumb Code     2  startup_tm4c123.o(.text)
    ADC0SS1_Handler                          0x000002c9   Thumb Code     2  startup_tm4c123.o(.text)
    ADC0SS2_Handler                          0x000002cb   Thumb Code     2  startup_tm4c123.o(.text)
    ADC0SS3_Handler                          0x000002cd   Thumb Code     2  startup_tm4c123.o(.text)
    WDT0_Handler                             0x000002cf   Thumb Code     2  startup_tm4c123.o(.text)
    TIMER0A_Handler                          0x000002d1   Thumb Code     2  startup_tm4c123.o(.text)
    TIMER0B_Handler                          0x000002d3   Thumb Code     2  startup_tm4c123.o(.text)
    TIMER1A_Handler                          0x000002d5   Thumb Code     2  startup_tm4c123.o(.text)
    TIMER1B_Handler                          0x000002d7   Thumb Code     2  startup_tm4c123.o(.text)
    TIMER2A_Handler                          0x000002d9   Thumb Code     2  startup_tm4c123.o(.text)
    TIMER2B_Handler                          0x000002db   Thumb Code     2  startup_tm4c123.o(.text)
    COMP0_Handler                            0x000002dd   Thumb Code     2  startup_tm4c123.o(.text)
    COMP1_Handler                            0x000002df   Thumb Code     2  startup_tm4c123.o(.text)
    COMP2_Handler                            0x000002e1   Thumb Code     2  startup_tm4c123.o(.text)
    SYSCTL_Handler                           0x000002e3   Thumb Code     2  startup_tm4c123.o(.text)
    FLASH_Handler                            0x000002e5   Thumb Code     2  startup_tm4c123.o(.text)
    GPIOF_Handler                            0x000002e7   Thumb Code     2  startup_tm4c123.o(.text)
    GPIOG_Handler                            0x000002e9   Thumb Code     2  startup_tm4c123.o(.text)
    GPIOH_Handler                            0x000002eb   Thumb Code     2  startup_tm4c123.o(.text)
    UART2_Handler                            0x000002ed   Thumb Code     2  startup_tm4c123.o(.text)
    SSI1_Handler                             0x000002ef   Thumb Code     2  startup_tm4c123.o(.text)
    TIMER3A_Handler                          0x000002f1   Thumb Code     2  startup_tm4c123.o(.text)
    TIMER3B_Handler                          0x000002f3   Thumb Code     2  startup_tm4c123.o(.text)
    I2C1_Handler                             0x000002f5   Thumb Code     2  startup_tm4c123.o(.text)
    QEI1_Handler                             0x000002f7   Thumb Code     2  startup_tm4c123.o(.text)
    CAN0_Handler                             0x000002f9   Thumb Code     2  startup_tm4c123.o(.text)
    CAN1_Handler                             0x000002fb   Thumb Code     2  startup_tm4c123.o(.text)
    CAN2_Handler                             0x000002fd   Thumb Code     2  startup_tm4c123.o(.text)
    HIB_Handler                              0x000002ff   Thumb Code     2  startup_tm4c123.o(.text)
    USB0_Handler                             0x00000301   Thumb Code     2  startup_tm4c123.o(.text)
    PWM0_3_Handler                           0x00000303   Thumb Code     2  startup_tm4c123.o(.text)
    UDMA_Handler                             0x00000305   Thumb Code     2  startup_tm4c123.o(.text)
    UDMAERR_Handler                          0x00000307   Thumb Code     2  startup_tm4c123.o(.text)
    ADC1SS0_Handler                          0x00000309   Thumb Code     2  startup_tm4c123.o(.text)
    ADC1SS1_Handler                          0x0000030b   Thumb Code     2  startup_tm4c123.o(.text)
    ADC1SS2_Handler                          0x0000030d   Thumb Code     2  startup_tm4c123.o(.text)
    ADC1SS3_Handler                          0x0000030f   Thumb Code     2  startup_tm4c123.o(.text)
    GPIOJ_Handler                            0x00000311   Thumb Code     2  startup_tm4c123.o(.text)
    GPIOK_Handler                            0x00000313   Thumb Code     2  startup_tm4c123.o(.text)
    GPIOL_Handler                            0x00000315   Thumb Code     2  startup_tm4c123.o(.text)
    SSI2_Handler                             0x00000317   Thumb Code     2  startup_tm4c123.o(.text)
    SSI3_Handler                             0x00000319   Thumb Code     2  startup_tm4c123.o(.text)
    UART3_Handler                            0x0000031b   Thumb Code     2  startup_tm4c123.o(.text)
    UART4_Handler                            0x0000031d   Thumb Code     2  startup_tm4c123.o(.text)
    UART5_Handler                            0x0000031f   Thumb Code     2  startup_tm4c123.o(.text)
    UART6_Handler                            0x00000321   Thumb Code     2  startup_tm4c123.o(.text)
    UART7_Handler                            0x00000323   Thumb Code     2  startup_tm4c123.o(.text)
    I2C2_Handler                             0x00000325   Thumb Code     2  startup_tm4c123.o(.text)
    I2C3_Handler                             0x00000327   Thumb Code     2  startup_tm4c123.o(.text)
    TIMER4A_Handler                          0x00000329   Thumb Code     2  startup_tm4c123.o(.text)
    TIMER4B_Handler                          0x0000032b   Thumb Code     2  startup_tm4c123.o(.text)
    TIMER5A_Handler                          0x0000032d   Thumb Code     2  startup_tm4c123.o(.text)
    TIMER5B_Handler                          0x0000032f   Thumb Code     2  startup_tm4c123.o(.text)
    WTIMER0A_Handler                         0x00000331   Thumb Code     2  startup_tm4c123.o(.text)
    WTIMER0B_Handler                         0x00000333   Thumb Code     2  startup_tm4c123.o(.text)
    WTIMER1A_Handler                         0x00000335   Thumb Code     2  startup_tm4c123.o(.text)
    WTIMER1B_Handler                         0x00000337   Thumb Code     2  startup_tm4c123.o(.text)
    WTIMER2A_Handler                         0x00000339   Thumb Code     2  startup_tm4c123.o(.text)
    WTIMER2B_Handler                         0x0000033b   Thumb Code     2  startup_tm4c123.o(.text)
    WTIMER3A_Handler                         0x0000033d   Thumb Code     2  startup_tm4c123.o(.text)
    WTIMER3B_Handler                         0x0000033f   Thumb Code     2  startup_tm4c123.o(.text)
    WTIMER4A_Handler                         0x00000341   Thumb Code     2  startup_tm4c123.o(.text)
    WTIMER4B_Handler                         0x00000343   Thumb Code     2  startup_tm4c123.o(.text)
    WTIMER5A_Handler                         0x00000345   Thumb Code     2  startup_tm4c123.o(.text)
    WTIMER5B_Handler                         0x00000347   Thumb Code     2  startup_tm4c123.o(.text)
    FPU_Handler                              0x00000349   Thumb Code     2  startup_tm4c123.o(.text)
    I2C4_Handler                             0x0000034b   Thumb Code     2  startup_tm4c123.o(.text)
    I2C5_Handler                             0x0000034d   Thumb Code     2  startup_tm4c123.o(.text)
    GPIOM_Handler                            0x0000034f   Thumb Code     2  startup_tm4c123.o(.text)
    GPION_Handler                            0x00000351   Thumb Code     2  startup_tm4c123.o(.text)
    QEI2_Handler                             0x00000353   Thumb Code     2  startup_tm4c123.o(.text)
    GPIOP0_Handler                           0x00000355   Thumb Code     2  startup_tm4c123.o(.text)
    GPIOP1_Handler                           0x00000357   Thumb Code     2  startup_tm4c123.o(.text)
    GPIOP2_Handler                           0x00000359   Thumb Code     2  startup_tm4c123.o(.text)
    GPIOP3_Handler                           0x0000035b   Thumb Code     2  startup_tm4c123.o(.text)
    GPIOP4_Handler                           0x0000035d   Thumb Code     2  startup_tm4c123.o(.text)
    GPIOP5_Handler                           0x0000035f   Thumb Code     2  startup_tm4c123.o(.text)
    GPIOP6_Handler                           0x00000361   Thumb Code     2  startup_tm4c123.o(.text)
    GPIOP7_Handler                           0x00000363   Thumb Code     2  startup_tm4c123.o(.text)
    GPIOQ0_Handler                           0x00000365   Thumb Code     2  startup_tm4c123.o(.text)
    GPIOQ1_Handler                           0x00000367   Thumb Code     2  startup_tm4c123.o(.text)
    GPIOQ2_Handler                           0x00000369   Thumb Code     2  startup_tm4c123.o(.text)
    GPIOQ3_Handler                           0x0000036b   Thumb Code     2  startup_tm4c123.o(.text)
    GPIOQ4_Handler                           0x0000036d   Thumb Code     2  startup_tm4c123.o(.text)
    GPIOQ5_Handler                           0x0000036f   Thumb Code     2  startup_tm4c123.o(.text)
    GPIOQ6_Handler                           0x00000371   Thumb Code     2  startup_tm4c123.o(.text)
    GPIOQ7_Handler                           0x00000373   Thumb Code     2  startup_tm4c123.o(.text)
    GPIOR_Handler                            0x00000375   Thumb Code     2  startup_tm4c123.o(.text)
    GPIOS_Handler                            0x00000377   Thumb Code     2  startup_tm4c123.o(.text)
    PMW1_0_Handler                           0x00000379   Thumb Code     2  startup_tm4c123.o(.text)
    PWM1_1_Handler                           0x0000037b   Thumb Code     2  startup_tm4c123.o(.text)
    PWM1_2_Handler                           0x0000037d   Thumb Code     2  startup_tm4c123.o(.text)
    PWM1_3_Handler                           0x0000037f   Thumb Code     2  startup_tm4c123.o(.text)
    PWM1_FAULT_Handler                       0x00000381   Thumb Code     2  startup_tm4c123.o(.text)
    main                                     0x0000038d   Thumb Code   160  main.o(.text)
    GPS_Spreading_Data                       0x00000449   Thumb Code   344  gps_functions.o(.text)
    GPS_angle_format_to_degrees              0x000005a1   Thumb Code    60  gps_functions.o(.text)
    GPS_angle_formate_to_rad                 0x000005dd   Thumb Code   114  gps_functions.o(.text)
    GPS_degree_to_radians                    0x0000064f   Thumb Code   104  gps_functions.o(.text)
    GPS_radians_to_degree                    0x000006b7   Thumb Code    86  gps_functions.o(.text)
    GPS_Calculate_Distance                   0x0000070d   Thumb Code   450  gps_functions.o(.text)
    time_display                             0x000008d5   Thumb Code    56  display.o(.text)
    display_error                            0x0000090d   Thumb Code   108  display.o(.text)
    data_LCD                                 0x0000098d   Thumb Code     6  lcd.o(.text)
    set_control_LCD                          0x00000993   Thumb Code    16  lcd.o(.text)
    set_E                                    0x000009a3   Thumb Code    16  lcd.o(.text)
    clear_control_LCD                        0x000009b3   Thumb Code    16  lcd.o(.text)
    clear_E                                  0x000009c3   Thumb Code    16  lcd.o(.text)
    clear                                    0x000009d3   Thumb Code    38  lcd.o(.text)
    init_LCD                                 0x000009f9   Thumb Code   116  lcd.o(.text)
    shift_curser                             0x00000a6d   Thumb Code    34  lcd.o(.text)
    position_curser                          0x00000a8f   Thumb Code    92  lcd.o(.text)
    display_char                             0x00000aeb   Thumb Code    40  lcd.o(.text)
    display_String                           0x00000b13   Thumb Code    22  lcd.o(.text)
    GPIO_Init_PortA                          0x00000b35   Thumb Code   142  gpio.o(.text)
    GPIO_Init_PortB                          0x00000bc3   Thumb Code   102  gpio.o(.text)
    GPIO_Init_PortD_LCD                      0x00000c29   Thumb Code   118  gpio.o(.text)
    GPIO_LED_ALL_OFF                         0x00000c9f   Thumb Code    16  gpio.o(.text)
    GPIO_Init_PortF                          0x00000caf   Thumb Code   104  gpio.o(.text)
    GPIO_Init_A_B_F                          0x00000d17   Thumb Code    16  gpio.o(.text)
    GPIO_LED_RED_ON                          0x00000d27   Thumb Code    16  gpio.o(.text)
    GPIO_LED_RED_OFF                         0x00000d37   Thumb Code    10  gpio.o(.text)
    GPIO_LED_BLUE_ON                         0x00000d41   Thumb Code    16  gpio.o(.text)
    GPIO_LED_BLUE_OFF                        0x00000d51   Thumb Code    16  gpio.o(.text)
    GPIO_LED_GREEN_ON                        0x00000d61   Thumb Code    16  gpio.o(.text)
    GPIO_LED_GREEN_OFF                       0x00000d71   Thumb Code    16  gpio.o(.text)
    GPIO_LED_ALL_ON                          0x00000d81   Thumb Code    16  gpio.o(.text)
    GPIO_DATA_WRITE                          0x00000d91   Thumb Code    56  gpio.o(.text)
    GPIO_DATA_READ                           0x00000dc9   Thumb Code    72  gpio.o(.text)
    GPIO_DATA_SET                            0x00000e11   Thumb Code   164  gpio.o(.text)
    GPIO_DATA_RESET                          0x00000eb5   Thumb Code   256  gpio.o(.text)
    GPIO_DIR_SET                             0x00000fb5   Thumb Code    60  gpio.o(.text)
    delay                                    0x00000ff1   Thumb Code    22  gpio.o(.text)
    SystemInit                               0x00001029   Thumb Code     2  systicfunctions.o(.text)
    SysTick_Init                             0x0000102b   Thumb Code    24  systicfunctions.o(.text)
    DelayMs                                  0x00001043   Thumb Code    40  systicfunctions.o(.text)
    DelayUs                                  0x0000106b   Thumb Code    38  systicfunctions.o(.text)
    UART0_vInit                              0x00001091   Thumb Code   146  uart.o(.text)
    UART6_vInit                              0x00001123   Thumb Code   146  uart.o(.text)
    UART5_vInit                              0x000011b5   Thumb Code   148  uart.o(.text)
    UART_u8Read                              0x00001249   Thumb Code    78  uart.o(.text)
    UART_vReadString                         0x00001297   Thumb Code    50  uart.o(.text)
    UART_vWrite                              0x000012c9   Thumb Code    70  uart.o(.text)
    UART_vWriteString                        0x0000130f   Thumb Code    26  uart.o(.text)
    __aeabi_memcpy                           0x0000135d   Thumb Code    36  memcpya.o(.text)
    __aeabi_memcpy4                          0x0000135d   Thumb Code     0  memcpya.o(.text)
    __aeabi_memcpy8                          0x0000135d   Thumb Code     0  memcpya.o(.text)
    strncpy                                  0x00001381   Thumb Code    24  strncpy.o(.text)
    strncmp                                  0x00001399   Thumb Code    30  strncmp.o(.text)
    __aeabi_dmul                             0x000013b7   Thumb Code   228  dmul.o(.text)
    __aeabi_ddiv                             0x0000149b   Thumb Code   222  ddiv.o(.text)
    __aeabi_f2d                              0x00001579   Thumb Code    38  f2d.o(.text)
    __aeabi_d2f                              0x0000159f   Thumb Code    56  d2f.o(.text)
    __strtod_int                             0x0000160f   Thumb Code    88  strtod.o(.text)
    __I$use$fp                               0x00001675   Thumb Code     0  iusefp.o(.text)
    _float_round                             0x00001675   Thumb Code    18  fepilogue.o(.text)
    _float_epilogue                          0x00001687   Thumb Code    90  fepilogue.o(.text)
    _double_round                            0x000016e1   Thumb Code    26  depilogue.o(.text)
    _double_epilogue                         0x000016fb   Thumb Code   164  depilogue.o(.text)
    __scatterload                            0x000017a1   Thumb Code    28  init.o(.text)
    __scatterload_rt2                        0x000017a1   Thumb Code     0  init.o(.text)
    __aeabi_llsl                             0x000017c5   Thumb Code    30  llshl.o(.text)
    _ll_shift_l                              0x000017c5   Thumb Code     0  llshl.o(.text)
    __aeabi_llsr                             0x000017e3   Thumb Code    32  llushr.o(.text)
    _ll_ushift_r                             0x000017e3   Thumb Code     0  llushr.o(.text)
    isspace                                  0x00001803   Thumb Code    10  isspace_c.o(.text)
    _scanf_real                              0x0000190d   Thumb Code     0  scanf_fp.o(.text)
    _scanf_really_real                       0x0000190d   Thumb Code   560  scanf_fp.o(.text)
    _sgetc                                   0x00001b49   Thumb Code    30  _sgetc.o(.text)
    _sbackspace                              0x00001b67   Thumb Code    34  _sgetc.o(.text)
    __ctype_lookup                           0x00001b89   Thumb Code    34  ctype_c.o(.text)
    __aeabi_ul2d                             0x00001bb1   Thumb Code    24  dfltul.o(.text)
    __ARM_fpclassifyf                        0x00001bc9   Thumb Code    38  fpclassifyf.o(i.__ARM_fpclassifyf)
    __hardfp_atanf                           0x00001bf1   Thumb Code   290  atanf.o(i.__hardfp_atanf)
    __hardfp_atof                            0x00001d59   Thumb Code    44  atof.o(i.__hardfp_atof)
    __hardfp_cosf                            0x00001d91   Thumb Code   282  cosf.o(i.__hardfp_cosf)
    __hardfp_fabs                            0x00001eed   Thumb Code    20  fabs.o(i.__hardfp_fabs)
    __hardfp_sinf                            0x00001f01   Thumb Code   314  sinf.o(i.__hardfp_sinf)
    __hardfp_sqrtf                           0x00002079   Thumb Code    58  sqrtf.o(i.__hardfp_sqrtf)
    __mathlib_flt_underflow                  0x000020b5   Thumb Code    10  funder.o(i.__mathlib_flt_underflow)
    __mathlib_rredf2                         0x000020c5   Thumb Code   296  rredf.o(i.__mathlib_rredf2)
    __read_errno                             0x00002205   Thumb Code     6  errno.o(i.__read_errno)
    __scatterload_copy                       0x00002211   Thumb Code    14  handlers.o(i.__scatterload_copy)
    __scatterload_null                       0x0000221f   Thumb Code     2  handlers.o(i.__scatterload_null)
    __scatterload_zeroinit                   0x00002221   Thumb Code    14  handlers.o(i.__scatterload_zeroinit)
    __set_errno                              0x00002231   Thumb Code     6  errno.o(i.__set_errno)
    _is_digit                                0x0000223d   Thumb Code    14  scanf_fp.o(i._is_digit)
    __ctype_categories                       0x000022d0   Data          64  ctype_c.o(.constdata)
    Region$$Table$$Base                      0x00002310   Number         0  anon$$obj.o(Region$$Table)
    Region$$Table$$Limit                     0x00002330   Number         0  anon$$obj.o(Region$$Table)
    kkk                                      0x20000000   Data           4  main.o(.data)
    aaa                                      0x20000004   Data           1  main.o(.data)
    GPS_status                               0x20000008   Data           1  gps_functions.o(.data)
    lat                                      0x2000000c   Data           4  gps_functions.o(.data)
    GPS_NS                                   0x20000010   Data           1  gps_functions.o(.data)
    lon                                      0x20000014   Data           4  gps_functions.o(.data)
    GPS_EW                                   0x20000018   Data           1  gps_functions.o(.data)
    GPS_speed                                0x2000001c   Data           4  gps_functions.o(.data)
    GPS_course                               0x20000020   Data           4  gps_functions.o(.data)
    GPS_date                                 0x20000024   Data           7  gps_functions.o(.data)
    mv                                       0x2000002b   Data           6  gps_functions.o(.data)
    mvEW                                     0x20000031   Data           1  gps_functions.o(.data)
    posMode                                  0x20000032   Data           1  gps_functions.o(.data)
    str                                      0x20000038   Data         100  main.o(.bss)
    GPS_time                                 0x2000009c   Data          11  gps_functions.o(.bss)
    __initial_sp                             0x200002a8   Data           0  startup_tm4c123.o(STACK)



==============================================================================

Memory Map of the image

  Image Entry point : 0x0000026d

  Load Region LR_IROM1 (Base: 0x00000000, Size: 0x00002368, Max: 0x00040000, ABSOLUTE)

    Execution Region ER_IROM1 (Base: 0x00000000, Size: 0x00002330, Max: 0x00040000, ABSOLUTE)

    Base Addr    Size         Type   Attr      Idx    E Section Name        Object

    0x00000000   0x0000026c   Data   RO            3    RESET               startup_tm4c123.o
    0x0000026c   0x00000000   Code   RO          218  * .ARM.Collect$$$$00000000  mc_w.l(entry.o)
    0x0000026c   0x00000004   Code   RO          244    .ARM.Collect$$$$00000001  mc_w.l(entry2.o)
    0x00000270   0x00000004   Code   RO          247    .ARM.Collect$$$$00000004  mc_w.l(entry5.o)
    0x00000274   0x00000000   Code   RO          249    .ARM.Collect$$$$00000008  mc_w.l(entry7b.o)
    0x00000274   0x00000000   Code   RO          251    .ARM.Collect$$$$0000000A  mc_w.l(entry8b.o)
    0x00000274   0x00000008   Code   RO          252    .ARM.Collect$$$$0000000B  mc_w.l(entry9a.o)
    0x0000027c   0x00000000   Code   RO          254    .ARM.Collect$$$$0000000D  mc_w.l(entry10a.o)
    0x0000027c   0x00000000   Code   RO          256    .ARM.Collect$$$$0000000F  mc_w.l(entry11a.o)
    0x0000027c   0x00000004   Code   RO          245    .ARM.Collect$$$$00002712  mc_w.l(entry2.o)
    0x00000280   0x0000010c   Code   RO            4    .text               startup_tm4c123.o
    0x0000038c   0x000000bc   Code   RO           10    .text               main.o
    0x00000448   0x0000048c   Code   RO           60    .text               gps_functions.o
    0x000008d4   0x000000b8   Code   RO           89    .text               display.o
    0x0000098c   0x000001a8   Code   RO          101    .text               lcd.o
    0x00000b34   0x000004f4   Code   RO          113    .text               gpio.o
    0x00001028   0x00000068   Code   RO          125    .text               systicfunctions.o
    0x00001090   0x000002cc   Code   RO          137    .text               uart.o
    0x0000135c   0x00000024   Code   RO          221    .text               mc_w.l(memcpya.o)
    0x00001380   0x00000018   Code   RO          223    .text               mc_w.l(strncpy.o)
    0x00001398   0x0000001e   Code   RO          225    .text               mc_w.l(strncmp.o)
    0x000013b6   0x000000e4   Code   RO          229    .text               mf_w.l(dmul.o)
    0x0000149a   0x000000de   Code   RO          231    .text               mf_w.l(ddiv.o)
    0x00001578   0x00000026   Code   RO          233    .text               mf_w.l(f2d.o)
    0x0000159e   0x00000038   Code   RO          235    .text               mf_w.l(d2f.o)
    0x000015d6   0x00000002   PAD
    0x000015d8   0x0000009c   Code   RO          265    .text               mc_w.l(strtod.o)
    0x00001674   0x00000000   Code   RO          267    .text               mc_w.l(iusefp.o)
    0x00001674   0x0000006c   Code   RO          268    .text               mf_w.l(fepilogue.o)
    0x000016e0   0x000000be   Code   RO          270    .text               mf_w.l(depilogue.o)
    0x0000179e   0x00000002   PAD
    0x000017a0   0x00000024   Code   RO          272    .text               mc_w.l(init.o)
    0x000017c4   0x0000001e   Code   RO          274    .text               mc_w.l(llshl.o)
    0x000017e2   0x00000020   Code   RO          276    .text               mc_w.l(llushr.o)
    0x00001802   0x0000000a   Code   RO          278    .text               mc_w.l(isspace_c.o)
    0x0000180c   0x0000033c   Code   RO          280    .text               mc_w.l(scanf_fp.o)
    0x00001b48   0x00000040   Code   RO          284    .text               mc_w.l(_sgetc.o)
    0x00001b88   0x00000028   Code   RO          286    .text               mc_w.l(ctype_c.o)
    0x00001bb0   0x00000018   Code   RO          289    .text               mf_w.l(dfltul.o)
    0x00001bc8   0x00000026   Code   RO          237    i.__ARM_fpclassifyf  m_wm.l(fpclassifyf.o)
    0x00001bee   0x00000002   PAD
    0x00001bf0   0x00000164   Code   RO          158    i.__hardfp_atanf    m_wm.l(atanf.o)
    0x00001d54   0x00000004   PAD
    0x00001d58   0x00000038   Code   RO          170    i.__hardfp_atof     m_wm.l(atof.o)
    0x00001d90   0x0000015c   Code   RO          176    i.__hardfp_cosf     m_wm.l(cosf.o)
    0x00001eec   0x00000014   Code   RO          188    i.__hardfp_fabs     m_wm.l(fabs.o)
    0x00001f00   0x00000178   Code   RO          194    i.__hardfp_sinf     m_wm.l(sinf.o)
    0x00002078   0x0000003a   Code   RO          206    i.__hardfp_sqrtf    m_wm.l(sqrtf.o)
    0x000020b2   0x00000002   PAD
    0x000020b4   0x00000010   Code   RO          239    i.__mathlib_flt_underflow  m_wm.l(funder.o)
    0x000020c4   0x00000140   Code   RO          241    i.__mathlib_rredf2  m_wm.l(rredf.o)
    0x00002204   0x0000000c   Code   RO          259    i.__read_errno      mc_w.l(errno.o)
    0x00002210   0x0000000e   Code   RO          293    i.__scatterload_copy  mc_w.l(handlers.o)
    0x0000221e   0x00000002   Code   RO          294    i.__scatterload_null  mc_w.l(handlers.o)
    0x00002220   0x0000000e   Code   RO          295    i.__scatterload_zeroinit  mc_w.l(handlers.o)
    0x0000222e   0x00000002   PAD
    0x00002230   0x0000000c   Code   RO          260    i.__set_errno       mc_w.l(errno.o)
    0x0000223c   0x0000000e   Code   RO          282    i._is_digit         mc_w.l(scanf_fp.o)
    0x0000224a   0x00000002   PAD
    0x0000224c   0x00000064   Data   RO           12    .constdata          main.o
    0x000022b0   0x00000020   Data   RO          242    .constdata          m_wm.l(rredf.o)
    0x000022d0   0x00000040   Data   RO          287    .constdata          mc_w.l(ctype_c.o)
    0x00002310   0x00000020   Data   RO          291    Region$$Table       anon$$obj.o


    Execution Region RW_IRAM1 (Base: 0x20000000, Size: 0x000002a8, Max: 0x00008000, ABSOLUTE)

    Base Addr    Size         Type   Attr      Idx    E Section Name        Object

    0x20000000   0x00000005   Data   RW           13    .data               main.o
    0x20000005   0x00000003   PAD
    0x20000008   0x0000002b   Data   RW           62    .data               gps_functions.o
    0x20000033   0x00000001   PAD
    0x20000034   0x00000004   Data   RW          261    .data               mc_w.l(errno.o)
    0x20000038   0x00000064   Zero   RW           11    .bss                main.o
    0x2000009c   0x0000000b   Zero   RW           61    .bss                gps_functions.o
    0x200000a7   0x00000001   PAD
    0x200000a8   0x00000200   Zero   RW            1    STACK               startup_tm4c123.o


==============================================================================

Image component sizes


      Code (inc. data)   RO Data    RW Data    ZI Data      Debug   Object Name

       184         20          0          0          0        653   display.o
      1268        152          0          0          0       3424   gpio.o
      1164        102          0         43         11       3515   gps_functions.o
       424         12          0          0          0       2019   lcd.o
       188         28        100          5        100       5397   main.o
       268         10        620          0        512       5380   startup_tm4c123.o
       104          0          0          0          0       1038   systicfunctions.o
       716         52          0          0          0       1949   uart.o

    ----------------------------------------------------------------------
      4316        376        752         52        624      23375   Object Totals
         0          0         32          0          0          0   (incl. Generated)
         0          0          0          4          1          0   (incl. Padding)

    ----------------------------------------------------------------------

      Code (inc. data)   RO Data    RW Data    ZI Data      Debug   Library Member Name

       356         66          0          0          0        164   atanf.o
        56         12          0          0          0        132   atof.o
       348         66          0          0          0        124   cosf.o
        20          0          0          0          0        124   fabs.o
        38          0          0          0          0        116   fpclassifyf.o
        16          6          0          0          0        116   funder.o
       320         24         32          0          0        160   rredf.o
       376         62          0          0          0        156   sinf.o
        58          0          0          0          0        136   sqrtf.o
        64          0          0          0          0         84   _sgetc.o
        40          6         64          0          0         68   ctype_c.o
         0          0          0          0          0          0   entry.o
         0          0          0          0          0          0   entry10a.o
         0          0          0          0          0          0   entry11a.o
         8          4          0          0          0          0   entry2.o
         4          0          0          0          0          0   entry5.o
         0          0          0          0          0          0   entry7b.o
         0          0          0          0          0          0   entry8b.o
         8          4          0          0          0          0   entry9a.o
        24         12          0          4          0        136   errno.o
        30          0          0          0          0          0   handlers.o
        36          8          0          0          0         68   init.o
        10          0          0          0          0         68   isspace_c.o
         0          0          0          0          0          0   iusefp.o
        30          0          0          0          0         68   llshl.o
        32          0          0          0          0         68   llushr.o
        36          0          0          0          0         68   memcpya.o
       842         12          0          0          0        216   scanf_fp.o
        30          0          0          0          0         80   strncmp.o
        24          0          0          0          0         76   strncpy.o
       156         14          0          0          0        120   strtod.o
        56          0          0          0          0         88   d2f.o
       222          0          0          0          0        100   ddiv.o
       190          0          0          0          0        176   depilogue.o
        24          0          0          0          0         76   dfltul.o
       228          0          0          0          0         96   dmul.o
        38          0          0          0          0         68   f2d.o
       108          0          0          0          0        168   fepilogue.o

    ----------------------------------------------------------------------
      3844        300         96          4          0       3120   Library Totals
        16          4          0          0          0          0   (incl. Padding)

    ----------------------------------------------------------------------

      Code (inc. data)   RO Data    RW Data    ZI Data      Debug   Library Name

      1588        236         32          0          0       1228   m_wm.l
      1374         60         64          4          0       1120   mc_w.l
       866          0          0          0          0        772   mf_w.l

    ----------------------------------------------------------------------
      3844        300         96          4          0       3120   Library Totals

    ----------------------------------------------------------------------

==============================================================================


      Code (inc. data)   RO Data    RW Data    ZI Data      Debug   

      8160        676        848         56        624      23911   Grand Totals
      8160        676        848         56        624      23911   ELF Image Totals
      8160        676        848         56          0          0   ROM Totals

==============================================================================

    Total RO  Size (Code + RO Data)                 9008 (   8.80kB)
    Total RW  Size (RW Data + ZI Data)               680 (   0.66kB)
    Total ROM Size (Code + RO Data + RW Data)       9064 (   8.85kB)

==============================================================================

