<html>
<body>
<pre>
<h1>µVision Build Log</h1>
<h2>Project:</h2>
C:\users\yahiagh\Documents\KEIL\Project\project.uvproj
Project File Date:  04/22/2025

<h2>Output:</h2>
Rebuild target 'Target 1'
assembling startup_TM4C123.s...
compiling main.c...
compiling uart.c...
linking...
Program Size: Code=528 RO-data=636 RW-data=0 ZI-data=608  
".\project.axf" - 0 Error(s), 0 Warning(s).
iling uart.c...
uart.h(30): warning:  #1295-D: Deprecated declaration UART_vInit - give arg types
  void UART_vInit();
uart.c: 1 warning, 0 errors
linking...
Program Size: Code=528 RO-data=636 RW-data=0 ZI-data=608  
".\project.axf" - 0 Error(s), 2 Warning(s).
ine
  #endif
TM4C123.h(12713): warning:  #1-D: last line of file ends without a newline
  #endif // __TM4C123GH6PM_H__
bit_utilies.h(17): warning:  #1-D: last line of file ends without a newline
  #endif
uart.c: 4 warnings, 0 errors
linking...
Program Size: Code=528 RO-data=636 RW-data=0 ZI-data=608  
".\project.axf" - 0 Error(s), 6 Warning(s).
