ARM Linker, 5.03 [Build 76] [MDK-ARM Lite]

==============================================================================

Section Cross References

    startup_tm4c123.o(RESET) refers to startup_tm4c123.o(STACK) for __initial_sp
    startup_tm4c123.o(RESET) refers to startup_tm4c123.o(.text) for Reset_Handler
    startup_tm4c123.o(.text) refers to entry.o(.ARM.Collect$$$$00000000) for __main
    main.o(.text) refers to d2f.o(.text) for __aeabi_d2f
    main.o(.text) refers to gps_functions.o(.text) for GPS_Calculate_Distance
    main.o(.text) refers to systicfunctions.o(.text) for SysTick_Init
    main.o(.text) refers to lcd.o(.text) for init_LCD
    main.o(.text) refers to uart.o(.text) for UART0_vInit
    main.o(.text) refers to strlen.o(.text) for strlen
    main.o(.text) refers to display.o(.text) for error_display
    main.o(.text) refers to main.o(.constdata) for latitudes
    main.o(.text) refers to main.o(.data) for acumm_dis
    main.o(.text) refers to main.o(.bss) for str
    main.o(.text) refers to gps_functions.o(.bss) for GPS_time
    main.o(.text) refers to gps_functions.o(.data) for GPS_status
    gps_functions.o(.text) refers to dflti.o(.text) for __aeabi_i2d
    gps_functions.o(.text) refers to f2d.o(.text) for __aeabi_f2d
    gps_functions.o(.text) refers to dmul.o(.text) for __aeabi_dmul
    gps_functions.o(.text) refers to dadd.o(.text) for __aeabi_dadd
    gps_functions.o(.text) refers to d2f.o(.text) for __aeabi_d2f
    gps_functions.o(.text) refers to strncmp.o(.text) for strncmp
    gps_functions.o(.text) refers to strncpy.o(.text) for strncpy
    gps_functions.o(.text) refers to ddiv.o(.text) for __aeabi_ddiv
    gps_functions.o(.text) refers to display.o(.text) for int_to_string
    gps_functions.o(.text) refers to gps_functions.o(.bss) for GPS_time
    gps_functions.o(.text) refers to gps_functions.o(.data) for GPS_status
    gps_functions.o(.text) refers to sin.o(i.__hardfp_sin) for __hardfp_sin
    gps_functions.o(.text) refers to pow.o(i.__hardfp_pow) for __hardfp_pow
    gps_functions.o(.text) refers to cos.o(i.__hardfp_cos) for __hardfp_cos
    gps_functions.o(.text) refers to sqrt.o(i.__hardfp_sqrt) for __hardfp_sqrt
    gps_functions.o(.text) refers to atan2.o(i.__hardfp_atan2) for __hardfp_atan2
    display.o(.text) refers to lcd.o(.text) for position_curser
    display.o(.text) refers to gps_functions.o(.bss) for GPS_time
    display.o(.text) refers to gps_functions.o(.data) for GPS_date
    lcd.o(.text) refers to systicfunctions.o(.text) for DelayUs
    lcd.o(.text) refers to gpio.o(.text) for GPIO_Init_PortB
    gpio.o(.text) refers to main.o(.data) for acumm_dis
    atan2.o(i.__hardfp_atan2) refers (Special) to iusefp.o(.text) for __I$use$fp
    atan2.o(i.__hardfp_atan2) refers to dadd.o(.text) for __aeabi_dadd
    atan2.o(i.__hardfp_atan2) refers to atan.o(i.atan) for atan
    atan2.o(i.__hardfp_atan2) refers to ddiv.o(.text) for __aeabi_ddiv
    atan2.o(i.__hardfp_atan2) refers to fabs.o(i.fabs) for fabs
    atan2.o(i.__hardfp_atan2) refers to qnan.o(.constdata) for __mathlib_zero
    atan2.o(i.__softfp_atan2) refers (Special) to iusefp.o(.text) for __I$use$fp
    atan2.o(i.__softfp_atan2) refers to atan2.o(i.__hardfp_atan2) for __hardfp_atan2
    atan2.o(i.atan2) refers (Special) to iusefp.o(.text) for __I$use$fp
    atan2.o(i.atan2) refers to atan2.o(i.__hardfp_atan2) for __hardfp_atan2
    atan2_x.o(i.____hardfp_atan2$lsc) refers (Special) to iusefp.o(.text) for __I$use$fp
    atan2_x.o(i.____hardfp_atan2$lsc) refers to dadd.o(.text) for __aeabi_dadd
    atan2_x.o(i.____hardfp_atan2$lsc) refers to atan.o(i.atan) for atan
    atan2_x.o(i.____hardfp_atan2$lsc) refers to errno.o(i.__set_errno) for __set_errno
    atan2_x.o(i.____hardfp_atan2$lsc) refers to ddiv.o(.text) for __aeabi_ddiv
    atan2_x.o(i.____hardfp_atan2$lsc) refers to fabs.o(i.fabs) for fabs
    atan2_x.o(i.____hardfp_atan2$lsc) refers to qnan.o(.constdata) for __mathlib_zero
    atan2_x.o(i.____softfp_atan2$lsc) refers (Special) to iusefp.o(.text) for __I$use$fp
    atan2_x.o(i.____softfp_atan2$lsc) refers to atan2_x.o(i.____hardfp_atan2$lsc) for ____hardfp_atan2$lsc
    atan2_x.o(i.__atan2$lsc) refers (Special) to iusefp.o(.text) for __I$use$fp
    atan2_x.o(i.__atan2$lsc) refers to atan2_x.o(i.____hardfp_atan2$lsc) for ____hardfp_atan2$lsc
    cos.o(i.__hardfp_cos) refers (Special) to iusefp.o(.text) for __I$use$fp
    cos.o(i.__hardfp_cos) refers to errno.o(i.__set_errno) for __set_errno
    cos.o(i.__hardfp_cos) refers to ddiv.o(.text) for __aeabi_ddiv
    cos.o(i.__hardfp_cos) refers to dadd.o(.text) for __aeabi_dadd
    cos.o(i.__hardfp_cos) refers to rred.o(i.__ieee754_rem_pio2) for __ieee754_rem_pio2
    cos.o(i.__hardfp_cos) refers to sin_i.o(i.__kernel_sin) for __kernel_sin
    cos.o(i.__hardfp_cos) refers to cos_i.o(i.__kernel_cos) for __kernel_cos
    cos.o(i.__softfp_cos) refers (Special) to iusefp.o(.text) for __I$use$fp
    cos.o(i.__softfp_cos) refers to cos.o(i.__hardfp_cos) for __hardfp_cos
    cos.o(i.cos) refers (Special) to iusefp.o(.text) for __I$use$fp
    cos.o(i.cos) refers to cos.o(i.__hardfp_cos) for __hardfp_cos
    cos_x.o(i.____hardfp_cos$lsc) refers (Special) to iusefp.o(.text) for __I$use$fp
    cos_x.o(i.____hardfp_cos$lsc) refers to errno.o(i.__set_errno) for __set_errno
    cos_x.o(i.____hardfp_cos$lsc) refers to dadd.o(.text) for __aeabi_dadd
    cos_x.o(i.____hardfp_cos$lsc) refers to rred.o(i.__ieee754_rem_pio2) for __ieee754_rem_pio2
    cos_x.o(i.____hardfp_cos$lsc) refers to sin_i.o(i.__kernel_sin) for __kernel_sin
    cos_x.o(i.____hardfp_cos$lsc) refers to cos_i.o(i.__kernel_cos) for __kernel_cos
    cos_x.o(i.____softfp_cos$lsc) refers (Special) to iusefp.o(.text) for __I$use$fp
    cos_x.o(i.____softfp_cos$lsc) refers to cos_x.o(i.____hardfp_cos$lsc) for ____hardfp_cos$lsc
    cos_x.o(i.__cos$lsc) refers (Special) to iusefp.o(.text) for __I$use$fp
    cos_x.o(i.__cos$lsc) refers to cos_x.o(i.____hardfp_cos$lsc) for ____hardfp_cos$lsc
    pow.o(i.__hardfp_pow) refers (Special) to iusefp.o(.text) for __I$use$fp
    pow.o(i.__hardfp_pow) refers to dadd.o(.text) for __aeabi_dadd
    pow.o(i.__hardfp_pow) refers to errno.o(i.__set_errno) for __set_errno
    pow.o(i.__hardfp_pow) refers to dmul.o(.text) for __aeabi_dmul
    pow.o(i.__hardfp_pow) refers to ddiv.o(.text) for __aeabi_ddiv
    pow.o(i.__hardfp_pow) refers to sqrt.o(i.sqrt) for sqrt
    pow.o(i.__hardfp_pow) refers to fabs.o(i.fabs) for fabs
    pow.o(i.__hardfp_pow) refers to dunder.o(i.__mathlib_dbl_underflow) for __mathlib_dbl_underflow
    pow.o(i.__hardfp_pow) refers to qnan.o(.constdata) for __mathlib_zero
    pow.o(i.__hardfp_pow) refers to poly.o(i.__kernel_poly) for __kernel_poly
    pow.o(i.__hardfp_pow) refers to dflti.o(.text) for __aeabi_i2d
    pow.o(i.__hardfp_pow) refers to pow.o(.constdata) for .constdata
    pow.o(i.__hardfp_pow) refers to cdrcmple.o(.text) for __aeabi_cdrcmple
    pow.o(i.__hardfp_pow) refers to dscalb.o(.text) for __ARM_scalbn
    pow.o(i.__hardfp_pow) refers to fpclassify.o(i.__ARM_fpclassify) for __ARM_fpclassify
    pow.o(i.__softfp_pow) refers (Special) to iusefp.o(.text) for __I$use$fp
    pow.o(i.__softfp_pow) refers to pow.o(i.__hardfp_pow) for __hardfp_pow
    pow.o(i.pow) refers (Special) to iusefp.o(.text) for __I$use$fp
    pow.o(i.pow) refers to pow.o(i.__hardfp_pow) for __hardfp_pow
    pow.o(.constdata) refers (Special) to iusefp.o(.text) for __I$use$fp
    pow_x.o(i.____hardfp_pow$lsc) refers (Special) to iusefp.o(.text) for __I$use$fp
    pow_x.o(i.____hardfp_pow$lsc) refers to dadd.o(.text) for __aeabi_dadd
    pow_x.o(i.____hardfp_pow$lsc) refers to errno.o(i.__set_errno) for __set_errno
    pow_x.o(i.____hardfp_pow$lsc) refers to ddiv.o(.text) for __aeabi_ddiv
    pow_x.o(i.____hardfp_pow$lsc) refers to sqrt.o(i.sqrt) for sqrt
    pow_x.o(i.____hardfp_pow$lsc) refers to fabs.o(i.fabs) for fabs
    pow_x.o(i.____hardfp_pow$lsc) refers to dflti.o(.text) for __aeabi_i2d
    pow_x.o(i.____hardfp_pow$lsc) refers to dmul.o(.text) for __aeabi_dmul
    pow_x.o(i.____hardfp_pow$lsc) refers to qnan.o(.constdata) for __mathlib_zero
    pow_x.o(i.____hardfp_pow$lsc) refers to poly.o(i.__kernel_poly) for __kernel_poly
    pow_x.o(i.____hardfp_pow$lsc) refers to pow_x.o(.constdata) for .constdata
    pow_x.o(i.____hardfp_pow$lsc) refers to cdrcmple.o(.text) for __aeabi_cdrcmple
    pow_x.o(i.____hardfp_pow$lsc) refers to dscalb.o(.text) for __ARM_scalbn
    pow_x.o(i.____softfp_pow$lsc) refers (Special) to iusefp.o(.text) for __I$use$fp
    pow_x.o(i.____softfp_pow$lsc) refers to pow_x.o(i.____hardfp_pow$lsc) for ____hardfp_pow$lsc
    pow_x.o(i.__pow$lsc) refers (Special) to iusefp.o(.text) for __I$use$fp
    pow_x.o(i.__pow$lsc) refers to pow_x.o(i.____hardfp_pow$lsc) for ____hardfp_pow$lsc
    pow_x.o(.constdata) refers (Special) to iusefp.o(.text) for __I$use$fp
    sin.o(i.__hardfp_sin) refers (Special) to iusefp.o(.text) for __I$use$fp
    sin.o(i.__hardfp_sin) refers to errno.o(i.__set_errno) for __set_errno
    sin.o(i.__hardfp_sin) refers to ddiv.o(.text) for __aeabi_ddiv
    sin.o(i.__hardfp_sin) refers to dadd.o(.text) for __aeabi_dadd
    sin.o(i.__hardfp_sin) refers to rred.o(i.__ieee754_rem_pio2) for __ieee754_rem_pio2
    sin.o(i.__hardfp_sin) refers to cos_i.o(i.__kernel_cos) for __kernel_cos
    sin.o(i.__hardfp_sin) refers to sin_i.o(i.__kernel_sin) for __kernel_sin
    sin.o(i.__softfp_sin) refers (Special) to iusefp.o(.text) for __I$use$fp
    sin.o(i.__softfp_sin) refers to sin.o(i.__hardfp_sin) for __hardfp_sin
    sin.o(i.sin) refers (Special) to iusefp.o(.text) for __I$use$fp
    sin.o(i.sin) refers to sin.o(i.__hardfp_sin) for __hardfp_sin
    sin_x.o(i.____hardfp_sin$lsc) refers (Special) to iusefp.o(.text) for __I$use$fp
    sin_x.o(i.____hardfp_sin$lsc) refers to errno.o(i.__set_errno) for __set_errno
    sin_x.o(i.____hardfp_sin$lsc) refers to dadd.o(.text) for __aeabi_dadd
    sin_x.o(i.____hardfp_sin$lsc) refers to rred.o(i.__ieee754_rem_pio2) for __ieee754_rem_pio2
    sin_x.o(i.____hardfp_sin$lsc) refers to cos_i.o(i.__kernel_cos) for __kernel_cos
    sin_x.o(i.____hardfp_sin$lsc) refers to sin_i.o(i.__kernel_sin) for __kernel_sin
    sin_x.o(i.____softfp_sin$lsc) refers (Special) to iusefp.o(.text) for __I$use$fp
    sin_x.o(i.____softfp_sin$lsc) refers to sin_x.o(i.____hardfp_sin$lsc) for ____hardfp_sin$lsc
    sin_x.o(i.__sin$lsc) refers (Special) to iusefp.o(.text) for __I$use$fp
    sin_x.o(i.__sin$lsc) refers to sin_x.o(i.____hardfp_sin$lsc) for ____hardfp_sin$lsc
    sqrt.o(i.__hardfp_sqrt) refers (Special) to iusefp.o(.text) for __I$use$fp
    sqrt.o(i.__hardfp_sqrt) refers to dsqrt.o(.text) for _dsqrt
    sqrt.o(i.__hardfp_sqrt) refers to errno.o(i.__set_errno) for __set_errno
    sqrt.o(i.__softfp_sqrt) refers (Special) to iusefp.o(.text) for __I$use$fp
    sqrt.o(i.__softfp_sqrt) refers to dsqrt.o(.text) for _dsqrt
    sqrt.o(i.__softfp_sqrt) refers to errno.o(i.__set_errno) for __set_errno
    sqrt.o(i.sqrt) refers (Special) to iusefp.o(.text) for __I$use$fp
    sqrt.o(i.sqrt) refers to dsqrt.o(.text) for _dsqrt
    sqrt.o(i.sqrt) refers to errno.o(i.__set_errno) for __set_errno
    sqrt_x.o(i.____hardfp_sqrt$lsc) refers (Special) to iusefp.o(.text) for __I$use$fp
    sqrt_x.o(i.____hardfp_sqrt$lsc) refers to cdcmple.o(.text) for __aeabi_cdcmple
    sqrt_x.o(i.____hardfp_sqrt$lsc) refers to errno.o(i.__set_errno) for __set_errno
    sqrt_x.o(i.____hardfp_sqrt$lsc) refers to dsqrt.o(.text) for _dsqrt
    sqrt_x.o(i.____softfp_sqrt$lsc) refers (Special) to iusefp.o(.text) for __I$use$fp
    sqrt_x.o(i.____softfp_sqrt$lsc) refers to cdcmple.o(.text) for __aeabi_cdcmple
    sqrt_x.o(i.____softfp_sqrt$lsc) refers to errno.o(i.__set_errno) for __set_errno
    sqrt_x.o(i.____softfp_sqrt$lsc) refers to dsqrt.o(.text) for _dsqrt
    sqrt_x.o(i.__sqrt$lsc) refers (Special) to iusefp.o(.text) for __I$use$fp
    sqrt_x.o(i.__sqrt$lsc) refers to cdcmple.o(.text) for __aeabi_cdcmple
    sqrt_x.o(i.__sqrt$lsc) refers to errno.o(i.__set_errno) for __set_errno
    sqrt_x.o(i.__sqrt$lsc) refers to dsqrt.o(.text) for _dsqrt
    entry.o(.ARM.Collect$$$$00000000) refers (Special) to entry10a.o(.ARM.Collect$$$$0000000D) for __rt_final_cpp
    entry.o(.ARM.Collect$$$$00000000) refers (Special) to entry11a.o(.ARM.Collect$$$$0000000F) for __rt_final_exit
    entry.o(.ARM.Collect$$$$00000000) refers (Special) to entry7b.o(.ARM.Collect$$$$00000008) for _main_clock
    entry.o(.ARM.Collect$$$$00000000) refers (Special) to entry8b.o(.ARM.Collect$$$$0000000A) for _main_cpp_init
    entry.o(.ARM.Collect$$$$00000000) refers (Special) to entry9a.o(.ARM.Collect$$$$0000000B) for _main_init
    entry.o(.ARM.Collect$$$$00000000) refers (Special) to entry5.o(.ARM.Collect$$$$00000004) for _main_scatterload
    entry.o(.ARM.Collect$$$$00000000) refers (Special) to entry2.o(.ARM.Collect$$$$00000001) for _main_stk
    dadd.o(.text) refers (Special) to iusefp.o(.text) for __I$use$fp
    dadd.o(.text) refers to llshl.o(.text) for __aeabi_llsl
    dadd.o(.text) refers to llsshr.o(.text) for __aeabi_lasr
    dadd.o(.text) refers to depilogue.o(.text) for _double_epilogue
    dmul.o(.text) refers (Special) to iusefp.o(.text) for __I$use$fp
    dmul.o(.text) refers to depilogue.o(.text) for _double_epilogue
    ddiv.o(.text) refers (Special) to iusefp.o(.text) for __I$use$fp
    ddiv.o(.text) refers to depilogue.o(.text) for _double_round
    dflti.o(.text) refers (Special) to iusefp.o(.text) for __I$use$fp
    dflti.o(.text) refers to depilogue.o(.text) for _double_epilogue
    f2d.o(.text) refers (Special) to iusefp.o(.text) for __I$use$fp
    d2f.o(.text) refers (Special) to iusefp.o(.text) for __I$use$fp
    d2f.o(.text) refers to fepilogue.o(.text) for _float_round
    atan.o(i.__hardfp_atan) refers (Special) to iusefp.o(.text) for __I$use$fp
    atan.o(i.__hardfp_atan) refers to dadd.o(.text) for __aeabi_dadd
    atan.o(i.__hardfp_atan) refers to fpclassify.o(i.__ARM_fpclassify) for __ARM_fpclassify
    atan.o(i.__hardfp_atan) refers to dunder.o(i.__mathlib_dbl_underflow) for __mathlib_dbl_underflow
    atan.o(i.__hardfp_atan) refers to fabs.o(i.fabs) for fabs
    atan.o(i.__hardfp_atan) refers to dmul.o(.text) for __aeabi_dmul
    atan.o(i.__hardfp_atan) refers to ddiv.o(.text) for __aeabi_ddiv
    atan.o(i.__hardfp_atan) refers to poly.o(i.__kernel_poly) for __kernel_poly
    atan.o(i.__hardfp_atan) refers to atan.o(.constdata) for .constdata
    atan.o(i.__softfp_atan) refers (Special) to iusefp.o(.text) for __I$use$fp
    atan.o(i.__softfp_atan) refers to atan.o(i.__hardfp_atan) for __hardfp_atan
    atan.o(i.atan) refers (Special) to iusefp.o(.text) for __I$use$fp
    atan.o(i.atan) refers to atan.o(i.__hardfp_atan) for __hardfp_atan
    atan.o(.constdata) refers (Special) to iusefp.o(.text) for __I$use$fp
    atan_x.o(i.____hardfp_atan$lsc) refers (Special) to iusefp.o(.text) for __I$use$fp
    atan_x.o(i.____hardfp_atan$lsc) refers to dadd.o(.text) for __aeabi_dadd
    atan_x.o(i.____hardfp_atan$lsc) refers to fabs.o(i.fabs) for fabs
    atan_x.o(i.____hardfp_atan$lsc) refers to dmul.o(.text) for __aeabi_dmul
    atan_x.o(i.____hardfp_atan$lsc) refers to ddiv.o(.text) for __aeabi_ddiv
    atan_x.o(i.____hardfp_atan$lsc) refers to poly.o(i.__kernel_poly) for __kernel_poly
    atan_x.o(i.____hardfp_atan$lsc) refers to atan_x.o(.constdata) for .constdata
    atan_x.o(i.____softfp_atan$lsc) refers (Special) to iusefp.o(.text) for __I$use$fp
    atan_x.o(i.____softfp_atan$lsc) refers to atan_x.o(i.____hardfp_atan$lsc) for ____hardfp_atan$lsc
    atan_x.o(i.__atan$lsc) refers (Special) to iusefp.o(.text) for __I$use$fp
    atan_x.o(i.__atan$lsc) refers to atan_x.o(i.____hardfp_atan$lsc) for ____hardfp_atan$lsc
    atan_x.o(.constdata) refers (Special) to iusefp.o(.text) for __I$use$fp
    cos_i.o(i.__kernel_cos) refers (Special) to iusefp.o(.text) for __I$use$fp
    cos_i.o(i.__kernel_cos) refers to dfixi.o(.text) for __aeabi_d2iz
    cos_i.o(i.__kernel_cos) refers to dmul.o(.text) for __aeabi_dmul
    cos_i.o(i.__kernel_cos) refers to poly.o(i.__kernel_poly) for __kernel_poly
    cos_i.o(i.__kernel_cos) refers to dadd.o(.text) for __aeabi_dsub
    cos_i.o(i.__kernel_cos) refers to cos_i.o(.constdata) for .constdata
    cos_i.o(.constdata) refers (Special) to iusefp.o(.text) for __I$use$fp
    dunder.o(i.__mathlib_dbl_underflow) refers to dmul.o(.text) for __aeabi_dmul
    fabs.o(i.__hardfp_fabs) refers (Special) to iusefp.o(.text) for __I$use$fp
    fabs.o(i.__softfp_fabs) refers (Special) to iusefp.o(.text) for __I$use$fp
    fabs.o(i.fabs) refers (Special) to iusefp.o(.text) for __I$use$fp
    fpclassify.o(i.__ARM_fpclassify) refers (Special) to iusefp.o(.text) for __I$use$fp
    poly.o(i.__kernel_poly) refers (Special) to iusefp.o(.text) for __I$use$fp
    poly.o(i.__kernel_poly) refers to dmul.o(.text) for __aeabi_dmul
    poly.o(i.__kernel_poly) refers to dadd.o(.text) for __aeabi_dadd
    qnan.o(.constdata) refers (Special) to iusefp.o(.text) for __I$use$fp
    rred.o(i.__ieee754_rem_pio2) refers (Special) to iusefp.o(.text) for __I$use$fp
    rred.o(i.__ieee754_rem_pio2) refers to dadd.o(.text) for __aeabi_dsub
    rred.o(i.__ieee754_rem_pio2) refers to fabs.o(i.fabs) for fabs
    rred.o(i.__ieee754_rem_pio2) refers to dmul.o(.text) for __aeabi_dmul
    rred.o(i.__ieee754_rem_pio2) refers to dfixi.o(.text) for __aeabi_d2iz
    rred.o(i.__ieee754_rem_pio2) refers to dflti.o(.text) for __aeabi_i2d
    rred.o(i.__ieee754_rem_pio2) refers to dfltui.o(.text) for __aeabi_ui2d
    rred.o(i.__ieee754_rem_pio2) refers to rred.o(.constdata) for .constdata
    rred.o(i.__use_accurate_range_reduction) refers (Special) to iusefp.o(.text) for __I$use$fp
    rred.o(.constdata) refers (Special) to iusefp.o(.text) for __I$use$fp
    sin_i.o(i.__kernel_sin) refers (Special) to iusefp.o(.text) for __I$use$fp
    sin_i.o(i.__kernel_sin) refers to fpclassify.o(i.__ARM_fpclassify) for __ARM_fpclassify
    sin_i.o(i.__kernel_sin) refers to dunder.o(i.__mathlib_dbl_underflow) for __mathlib_dbl_underflow
    sin_i.o(i.__kernel_sin) refers to dmul.o(.text) for __aeabi_dmul
    sin_i.o(i.__kernel_sin) refers to poly.o(i.__kernel_poly) for __kernel_poly
    sin_i.o(i.__kernel_sin) refers to dadd.o(.text) for __aeabi_dsub
    sin_i.o(i.__kernel_sin) refers to sin_i.o(.constdata) for .constdata
    sin_i.o(.constdata) refers (Special) to iusefp.o(.text) for __I$use$fp
    sin_i_x.o(i.____kernel_sin$lsc) refers (Special) to iusefp.o(.text) for __I$use$fp
    sin_i_x.o(i.____kernel_sin$lsc) refers to dmul.o(.text) for __aeabi_dmul
    sin_i_x.o(i.____kernel_sin$lsc) refers to poly.o(i.__kernel_poly) for __kernel_poly
    sin_i_x.o(i.____kernel_sin$lsc) refers to dadd.o(.text) for __aeabi_dsub
    sin_i_x.o(i.____kernel_sin$lsc) refers to sin_i_x.o(.constdata) for .constdata
    sin_i_x.o(.constdata) refers (Special) to iusefp.o(.text) for __I$use$fp
    entry2.o(.ARM.Collect$$$$00000001) refers to entry2.o(.ARM.Collect$$$$00002712) for __lit__00000000
    entry2.o(.ARM.Collect$$$$00002712) refers to startup_tm4c123.o(STACK) for __initial_sp
    entry2.o(__vectab_stack_and_reset_area) refers to startup_tm4c123.o(STACK) for __initial_sp
    entry2.o(__vectab_stack_and_reset_area) refers to entry.o(.ARM.Collect$$$$00000000) for __main
    entry5.o(.ARM.Collect$$$$00000004) refers to init.o(.text) for __scatterload
    entry9a.o(.ARM.Collect$$$$0000000B) refers to main.o(.text) for main
    entry9b.o(.ARM.Collect$$$$0000000C) refers to main.o(.text) for main
    errno.o(i.__aeabi_errno_addr) refers to errno.o(.data) for .data
    errno.o(i.__read_errno) refers to errno.o(.data) for .data
    errno.o(i.__set_errno) refers to errno.o(.data) for .data
    depilogue.o(.text) refers to llshl.o(.text) for __aeabi_llsl
    depilogue.o(.text) refers to llushr.o(.text) for __aeabi_llsr
    dsqrt.o(.text) refers to llushr.o(.text) for __aeabi_llsr
    dsqrt.o(.text) refers to depilogue.o(.text) for _double_round
    init.o(.text) refers to entry5.o(.ARM.Collect$$$$00000004) for __main_after_scatterload
    dfltui.o(.text) refers to depilogue.o(.text) for _double_epilogue
    dfixi.o(.text) refers to llushr.o(.text) for __aeabi_llsr


==============================================================================

Removing Unused input sections from the image.

    Removing startup_tm4c123.o(HEAP), (0 bytes).
    Removing display.o(.data), (6 bytes).
    Removing dneg.o(.text), (6 bytes).
    Removing cdcmple.o(.text), (40 bytes).

4 unused section(s) (total 52 bytes) removed from the image.

==============================================================================

Image Symbol Table

    Local Symbols

    Symbol Name                              Value     Ov Type        Size  Object(Section)

    RESET                                    0x00000000   Section      620  startup_tm4c123.o(RESET)
    ../clib/microlib/errno.c                 0x00000000   Number         0  errno.o ABSOLUTE
    ../clib/microlib/init/entry.s            0x00000000   Number         0  entry8a.o ABSOLUTE
    ../clib/microlib/init/entry.s            0x00000000   Number         0  entry10a.o ABSOLUTE
    ../clib/microlib/init/entry.s            0x00000000   Number         0  entry8b.o ABSOLUTE
    ../clib/microlib/init/entry.s            0x00000000   Number         0  entry.o ABSOLUTE
    ../clib/microlib/init/entry.s            0x00000000   Number         0  entry9a.o ABSOLUTE
    ../clib/microlib/init/entry.s            0x00000000   Number         0  entry11b.o ABSOLUTE
    ../clib/microlib/init/entry.s            0x00000000   Number         0  entry11a.o ABSOLUTE
    ../clib/microlib/init/entry.s            0x00000000   Number         0  entry10b.o ABSOLUTE
    ../clib/microlib/init/entry.s            0x00000000   Number         0  entry9b.o ABSOLUTE
    ../clib/microlib/init/entry.s            0x00000000   Number         0  entry2.o ABSOLUTE
    ../clib/microlib/init/entry.s            0x00000000   Number         0  entry5.o ABSOLUTE
    ../clib/microlib/init/entry.s            0x00000000   Number         0  entry7a.o ABSOLUTE
    ../clib/microlib/init/entry.s            0x00000000   Number         0  entry7b.o ABSOLUTE
    ../clib/microlib/longlong.c              0x00000000   Number         0  llushr.o ABSOLUTE
    ../clib/microlib/longlong.c              0x00000000   Number         0  llsshr.o ABSOLUTE
    ../clib/microlib/longlong.c              0x00000000   Number         0  llshl.o ABSOLUTE
    ../clib/microlib/string/strlen.c         0x00000000   Number         0  strlen.o ABSOLUTE
    ../clib/microlib/string/strncmp.c        0x00000000   Number         0  strncmp.o ABSOLUTE
    ../clib/microlib/string/strncpy.c        0x00000000   Number         0  strncpy.o ABSOLUTE
    ../clib/microlib/stubs.s                 0x00000000   Number         0  iusefp.o ABSOLUTE
    ../fplib/microlib/d2f.c                  0x00000000   Number         0  d2f.o ABSOLUTE
    ../fplib/microlib/f2d.c                  0x00000000   Number         0  f2d.o ABSOLUTE
    ../fplib/microlib/fpadd.c                0x00000000   Number         0  dadd.o ABSOLUTE
    ../fplib/microlib/fpdiv.c                0x00000000   Number         0  ddiv.o ABSOLUTE
    ../fplib/microlib/fpepilogue.c           0x00000000   Number         0  fepilogue.o ABSOLUTE
    ../fplib/microlib/fpepilogue.c           0x00000000   Number         0  depilogue.o ABSOLUTE
    ../fplib/microlib/fpfix.c                0x00000000   Number         0  dfixi.o ABSOLUTE
    ../fplib/microlib/fpflt.c                0x00000000   Number         0  dfltui.o ABSOLUTE
    ../fplib/microlib/fpflt.c                0x00000000   Number         0  dflti.o ABSOLUTE
    ../fplib/microlib/fpmul.c                0x00000000   Number         0  dmul.o ABSOLUTE
    ../fplib/microlib/fpneg.c                0x00000000   Number         0  dneg.o ABSOLUTE
    ../fplib/microlib/fpscalb.c              0x00000000   Number         0  dscalb.o ABSOLUTE
    ../fplib/microlib/fpsqrt.c               0x00000000   Number         0  dsqrt.o ABSOLUTE
    ../mathlib/atan.c                        0x00000000   Number         0  atan_x.o ABSOLUTE
    ../mathlib/atan.c                        0x00000000   Number         0  atan.o ABSOLUTE
    ../mathlib/atan2.c                       0x00000000   Number         0  atan2.o ABSOLUTE
    ../mathlib/atan2.c                       0x00000000   Number         0  atan2_x.o ABSOLUTE
    ../mathlib/cos.c                         0x00000000   Number         0  cos.o ABSOLUTE
    ../mathlib/cos.c                         0x00000000   Number         0  cos_x.o ABSOLUTE
    ../mathlib/cos_i.c                       0x00000000   Number         0  cos_i.o ABSOLUTE
    ../mathlib/dunder.c                      0x00000000   Number         0  dunder.o ABSOLUTE
    ../mathlib/fabs.c                        0x00000000   Number         0  fabs.o ABSOLUTE
    ../mathlib/fpclassify.c                  0x00000000   Number         0  fpclassify.o ABSOLUTE
    ../mathlib/poly.c                        0x00000000   Number         0  poly.o ABSOLUTE
    ../mathlib/pow.c                         0x00000000   Number         0  pow.o ABSOLUTE
    ../mathlib/pow.c                         0x00000000   Number         0  pow_x.o ABSOLUTE
    ../mathlib/qnan.c                        0x00000000   Number         0  qnan.o ABSOLUTE
    ../mathlib/rred.c                        0x00000000   Number         0  rred.o ABSOLUTE
    ../mathlib/sin.c                         0x00000000   Number         0  sin_x.o ABSOLUTE
    ../mathlib/sin.c                         0x00000000   Number         0  sin.o ABSOLUTE
    ../mathlib/sin_i.c                       0x00000000   Number         0  sin_i.o ABSOLUTE
    ../mathlib/sin_i.c                       0x00000000   Number         0  sin_i_x.o ABSOLUTE
    ../mathlib/sqrt.c                        0x00000000   Number         0  sqrt_x.o ABSOLUTE
    ../mathlib/sqrt.c                        0x00000000   Number         0  sqrt.o ABSOLUTE
    Display.c                                0x00000000   Number         0  display.o ABSOLUTE
    GPIO.c                                   0x00000000   Number         0  gpio.o ABSOLUTE
    GPS_functions.c                          0x00000000   Number         0  gps_functions.o ABSOLUTE
    LCD.c                                    0x00000000   Number         0  lcd.o ABSOLUTE
    cdcmple.s                                0x00000000   Number         0  cdcmple.o ABSOLUTE
    cdrcmple.s                               0x00000000   Number         0  cdrcmple.o ABSOLUTE
    dc.s                                     0x00000000   Number         0  dc.o ABSOLUTE
    handlers.s                               0x00000000   Number         0  handlers.o ABSOLUTE
    init.s                                   0x00000000   Number         0  init.o ABSOLUTE
    main.c                                   0x00000000   Number         0  main.o ABSOLUTE
    startup_TM4C123.s                        0x00000000   Number         0  startup_tm4c123.o ABSOLUTE
    systicFunctions.c                        0x00000000   Number         0  systicfunctions.o ABSOLUTE
    uart.c                                   0x00000000   Number         0  uart.o ABSOLUTE
    .ARM.Collect$$$$00000000                 0x0000026c   Section        0  entry.o(.ARM.Collect$$$$00000000)
    .ARM.Collect$$$$00000001                 0x0000026c   Section        4  entry2.o(.ARM.Collect$$$$00000001)
    .ARM.Collect$$$$00000004                 0x00000270   Section        4  entry5.o(.ARM.Collect$$$$00000004)
    .ARM.Collect$$$$00000008                 0x00000274   Section        0  entry7b.o(.ARM.Collect$$$$00000008)
    .ARM.Collect$$$$0000000A                 0x00000274   Section        0  entry8b.o(.ARM.Collect$$$$0000000A)
    .ARM.Collect$$$$0000000B                 0x00000274   Section        8  entry9a.o(.ARM.Collect$$$$0000000B)
    .ARM.Collect$$$$0000000D                 0x0000027c   Section        0  entry10a.o(.ARM.Collect$$$$0000000D)
    .ARM.Collect$$$$0000000F                 0x0000027c   Section        0  entry11a.o(.ARM.Collect$$$$0000000F)
    .ARM.Collect$$$$00002712                 0x0000027c   Section        4  entry2.o(.ARM.Collect$$$$00002712)
    __lit__00000000                          0x0000027c   Data           4  entry2.o(.ARM.Collect$$$$00002712)
    .text                                    0x00000280   Section      268  startup_tm4c123.o(.text)
    $v0                                      0x00000280   Number         0  startup_tm4c123.o(.text)
    .text                                    0x0000038c   Section        0  main.o(.text)
    .text                                    0x00000724   Section        0  gps_functions.o(.text)
    .text                                    0x00000de8   Section        0  display.o(.text)
    .text                                    0x00001028   Section        0  lcd.o(.text)
    .text                                    0x000011c8   Section        0  gpio.o(.text)
    .text                                    0x000017c4   Section        0  systicfunctions.o(.text)
    .text                                    0x0000182c   Section        0  uart.o(.text)
    .text                                    0x00001af8   Section        0  strncpy.o(.text)
    .text                                    0x00001b10   Section        0  strlen.o(.text)
    .text                                    0x00001b1e   Section        0  strncmp.o(.text)
    .text                                    0x00001b3c   Section        0  dadd.o(.text)
    .text                                    0x00001c8a   Section        0  dmul.o(.text)
    .text                                    0x00001d6e   Section        0  ddiv.o(.text)
    .text                                    0x00001e4c   Section        0  dflti.o(.text)
    .text                                    0x00001e6e   Section        0  f2d.o(.text)
    .text                                    0x00001e94   Section        0  d2f.o(.text)
    .text                                    0x00001ecc   Section        0  llshl.o(.text)
    .text                                    0x00001eea   Section        0  llsshr.o(.text)
    .text                                    0x00001f0e   Section        0  fepilogue.o(.text)
    .text                                    0x00001f0e   Section        0  iusefp.o(.text)
    .text                                    0x00001f7a   Section        0  depilogue.o(.text)
    .text                                    0x00002038   Section        0  dscalb.o(.text)
    .text                                    0x00002066   Section        0  dsqrt.o(.text)
    .text                                    0x00002108   Section       40  cdrcmple.o(.text)
    .text                                    0x00002130   Section       36  init.o(.text)
    .text                                    0x00002154   Section        0  llushr.o(.text)
    .text                                    0x00002174   Section        0  dfltui.o(.text)
    .text                                    0x0000218e   Section        0  dfixi.o(.text)
    i.__ARM_fpclassify                       0x000021cc   Section        0  fpclassify.o(i.__ARM_fpclassify)
    i.__hardfp_atan                          0x00002200   Section        0  atan.o(i.__hardfp_atan)
    i.__hardfp_atan2                         0x000024e8   Section        0  atan2.o(i.__hardfp_atan2)
    i.__hardfp_cos                           0x000026c8   Section        0  cos.o(i.__hardfp_cos)
    i.__hardfp_pow                           0x000027a0   Section        0  pow.o(i.__hardfp_pow)
    i.__hardfp_sin                           0x00003430   Section        0  sin.o(i.__hardfp_sin)
    i.__hardfp_sqrt                          0x00003508   Section        0  sqrt.o(i.__hardfp_sqrt)
    i.__ieee754_rem_pio2                     0x00003588   Section        0  rred.o(i.__ieee754_rem_pio2)
    i.__kernel_cos                           0x000039e0   Section        0  cos_i.o(i.__kernel_cos)
    i.__kernel_poly                          0x00003b50   Section        0  poly.o(i.__kernel_poly)
    i.__kernel_sin                           0x00003c48   Section        0  sin_i.o(i.__kernel_sin)
    i.__mathlib_dbl_underflow                0x00003d78   Section        0  dunder.o(i.__mathlib_dbl_underflow)
    i.__scatterload_copy                     0x00003d98   Section       14  handlers.o(i.__scatterload_copy)
    i.__scatterload_null                     0x00003da6   Section        2  handlers.o(i.__scatterload_null)
    i.__scatterload_zeroinit                 0x00003da8   Section       14  handlers.o(i.__scatterload_zeroinit)
    i.__set_errno                            0x00003db8   Section        0  errno.o(i.__set_errno)
    i.atan                                   0x00003dc4   Section        0  atan.o(i.atan)
    i.fabs                                   0x00003dd4   Section        0  fabs.o(i.fabs)
    i.sqrt                                   0x00003df4   Section        0  sqrt.o(i.sqrt)
    .constdata                               0x00003e68   Section      608  main.o(.constdata)
    latitudes                                0x00003e68   Data         304  main.o(.constdata)
    longitudes                               0x00003f98   Data         304  main.o(.constdata)
    .constdata                               0x000040c8   Section      136  pow.o(.constdata)
    bp                                       0x000040c8   Data          16  pow.o(.constdata)
    dp_h                                     0x000040d8   Data          16  pow.o(.constdata)
    dp_l                                     0x000040e8   Data          16  pow.o(.constdata)
    L                                        0x000040f8   Data          48  pow.o(.constdata)
    P                                        0x00004128   Data          40  pow.o(.constdata)
    .constdata                               0x00004150   Section      152  atan.o(.constdata)
    atanhi                                   0x00004150   Data          32  atan.o(.constdata)
    atanlo                                   0x00004170   Data          32  atan.o(.constdata)
    aTodd                                    0x00004190   Data          40  atan.o(.constdata)
    aTeven                                   0x000041b8   Data          48  atan.o(.constdata)
    .constdata                               0x000041e8   Section       48  cos_i.o(.constdata)
    C                                        0x000041e8   Data          48  cos_i.o(.constdata)
    .constdata                               0x00004218   Section        8  qnan.o(.constdata)
    .constdata                               0x00004220   Section      200  rred.o(.constdata)
    pio2s                                    0x00004220   Data          48  rred.o(.constdata)
    twooverpi                                0x00004250   Data         152  rred.o(.constdata)
    .constdata                               0x000042e8   Section       40  sin_i.o(.constdata)
    S                                        0x000042e8   Data          40  sin_i.o(.constdata)
    .data                                    0x20000000   Section       10  main.o(.data)
    .data                                    0x2000000c   Section       51  gps_functions.o(.data)
    .data                                    0x20000040   Section        4  errno.o(.data)
    _errno                                   0x20000040   Data           4  errno.o(.data)
    .bss                                     0x20000044   Section      200  main.o(.bss)
    .bss                                     0x2000010c   Section       11  gps_functions.o(.bss)
    STACK                                    0x20000118   Section      512  startup_tm4c123.o(STACK)

    Global Symbols

    Symbol Name                              Value     Ov Type        Size  Object(Section)

    BuildAttributes$$THM_ISAv4$E$P$D$K$B$S$7EM$VFPi3$EXTD16$VFPS$VFMA$PE$A:L22UL41UL21$X:L11$S22US41US21$IEEE1$IW$USESV6$~STKCKD$USESV7$~SHL$OTIME$ROPI$IEEEX$EBA8$MICROLIB$REQ8$PRES8$EABIv2 0x00000000   Number         0  anon$$obj.o ABSOLUTE
    __ARM_use_no_argv                        0x00000000   Number         0  main.o ABSOLUTE
    __Vectors                                0x00000000   Data           4  startup_tm4c123.o(RESET)
    __cpp_initialize__aeabi_                  - Undefined Weak Reference
    __cxa_finalize                            - Undefined Weak Reference
    __decompress                              - Undefined Weak Reference
    _clock_init                               - Undefined Weak Reference
    _microlib_exit                            - Undefined Weak Reference
    __Vectors_End                            0x0000026c   Data           0  startup_tm4c123.o(RESET)
    __Vectors_Size                           0x0000026c   Number         0  startup_tm4c123.o ABSOLUTE
    __main                                   0x0000026d   Thumb Code     0  entry.o(.ARM.Collect$$$$00000000)
    _main_stk                                0x0000026d   Thumb Code     0  entry2.o(.ARM.Collect$$$$00000001)
    _main_scatterload                        0x00000271   Thumb Code     0  entry5.o(.ARM.Collect$$$$00000004)
    __main_after_scatterload                 0x00000275   Thumb Code     0  entry5.o(.ARM.Collect$$$$00000004)
    _main_clock                              0x00000275   Thumb Code     0  entry7b.o(.ARM.Collect$$$$00000008)
    _main_cpp_init                           0x00000275   Thumb Code     0  entry8b.o(.ARM.Collect$$$$0000000A)
    _main_init                               0x00000275   Thumb Code     0  entry9a.o(.ARM.Collect$$$$0000000B)
    __rt_final_cpp                           0x0000027d   Thumb Code     0  entry10a.o(.ARM.Collect$$$$0000000D)
    __rt_final_exit                          0x0000027d   Thumb Code     0  entry11a.o(.ARM.Collect$$$$0000000F)
    Reset_Handler                            0x00000281   Thumb Code    24  startup_tm4c123.o(.text)
    NMI_Handler                              0x00000299   Thumb Code     2  startup_tm4c123.o(.text)
    HardFault_Handler                        0x0000029b   Thumb Code     2  startup_tm4c123.o(.text)
    MemManage_Handler                        0x0000029d   Thumb Code     2  startup_tm4c123.o(.text)
    BusFault_Handler                         0x0000029f   Thumb Code     2  startup_tm4c123.o(.text)
    UsageFault_Handler                       0x000002a1   Thumb Code     2  startup_tm4c123.o(.text)
    SVC_Handler                              0x000002a3   Thumb Code     2  startup_tm4c123.o(.text)
    DebugMon_Handler                         0x000002a5   Thumb Code     2  startup_tm4c123.o(.text)
    PendSV_Handler                           0x000002a7   Thumb Code     2  startup_tm4c123.o(.text)
    SysTick_Handler                          0x000002a9   Thumb Code     2  startup_tm4c123.o(.text)
    GPIOA_Handler                            0x000002ab   Thumb Code     2  startup_tm4c123.o(.text)
    GPIOB_Handler                            0x000002ad   Thumb Code     2  startup_tm4c123.o(.text)
    GPIOC_Handler                            0x000002af   Thumb Code     2  startup_tm4c123.o(.text)
    GPIOD_Handler                            0x000002b1   Thumb Code     2  startup_tm4c123.o(.text)
    GPIOE_Handler                            0x000002b3   Thumb Code     2  startup_tm4c123.o(.text)
    UART0_Handler                            0x000002b5   Thumb Code     2  startup_tm4c123.o(.text)
    UART1_Handler                            0x000002b7   Thumb Code     2  startup_tm4c123.o(.text)
    SSI0_Handler                             0x000002b9   Thumb Code     2  startup_tm4c123.o(.text)
    I2C0_Handler                             0x000002bb   Thumb Code     2  startup_tm4c123.o(.text)
    PMW0_FAULT_Handler                       0x000002bd   Thumb Code     2  startup_tm4c123.o(.text)
    PWM0_0_Handler                           0x000002bf   Thumb Code     2  startup_tm4c123.o(.text)
    PWM0_1_Handler                           0x000002c1   Thumb Code     2  startup_tm4c123.o(.text)
    PWM0_2_Handler                           0x000002c3   Thumb Code     2  startup_tm4c123.o(.text)
    QEI0_Handler                             0x000002c5   Thumb Code     2  startup_tm4c123.o(.text)
    ADC0SS0_Handler                          0x000002c7   Thumb Code     2  startup_tm4c123.o(.text)
    ADC0SS1_Handler                          0x000002c9   Thumb Code     2  startup_tm4c123.o(.text)
    ADC0SS2_Handler                          0x000002cb   Thumb Code     2  startup_tm4c123.o(.text)
    ADC0SS3_Handler                          0x000002cd   Thumb Code     2  startup_tm4c123.o(.text)
    WDT0_Handler                             0x000002cf   Thumb Code     2  startup_tm4c123.o(.text)
    TIMER0A_Handler                          0x000002d1   Thumb Code     2  startup_tm4c123.o(.text)
    TIMER0B_Handler                          0x000002d3   Thumb Code     2  startup_tm4c123.o(.text)
    TIMER1A_Handler                          0x000002d5   Thumb Code     2  startup_tm4c123.o(.text)
    TIMER1B_Handler                          0x000002d7   Thumb Code     2  startup_tm4c123.o(.text)
    TIMER2A_Handler                          0x000002d9   Thumb Code     2  startup_tm4c123.o(.text)
    TIMER2B_Handler                          0x000002db   Thumb Code     2  startup_tm4c123.o(.text)
    COMP0_Handler                            0x000002dd   Thumb Code     2  startup_tm4c123.o(.text)
    COMP1_Handler                            0x000002df   Thumb Code     2  startup_tm4c123.o(.text)
    COMP2_Handler                            0x000002e1   Thumb Code     2  startup_tm4c123.o(.text)
    SYSCTL_Handler                           0x000002e3   Thumb Code     2  startup_tm4c123.o(.text)
    FLASH_Handler                            0x000002e5   Thumb Code     2  startup_tm4c123.o(.text)
    GPIOF_Handler                            0x000002e7   Thumb Code     2  startup_tm4c123.o(.text)
    GPIOG_Handler                            0x000002e9   Thumb Code     2  startup_tm4c123.o(.text)
    GPIOH_Handler                            0x000002eb   Thumb Code     2  startup_tm4c123.o(.text)
    UART2_Handler                            0x000002ed   Thumb Code     2  startup_tm4c123.o(.text)
    SSI1_Handler                             0x000002ef   Thumb Code     2  startup_tm4c123.o(.text)
    TIMER3A_Handler                          0x000002f1   Thumb Code     2  startup_tm4c123.o(.text)
    TIMER3B_Handler                          0x000002f3   Thumb Code     2  startup_tm4c123.o(.text)
    I2C1_Handler                             0x000002f5   Thumb Code     2  startup_tm4c123.o(.text)
    QEI1_Handler                             0x000002f7   Thumb Code     2  startup_tm4c123.o(.text)
    CAN0_Handler                             0x000002f9   Thumb Code     2  startup_tm4c123.o(.text)
    CAN1_Handler                             0x000002fb   Thumb Code     2  startup_tm4c123.o(.text)
    CAN2_Handler                             0x000002fd   Thumb Code     2  startup_tm4c123.o(.text)
    HIB_Handler                              0x000002ff   Thumb Code     2  startup_tm4c123.o(.text)
    USB0_Handler                             0x00000301   Thumb Code     2  startup_tm4c123.o(.text)
    PWM0_3_Handler                           0x00000303   Thumb Code     2  startup_tm4c123.o(.text)
    UDMA_Handler                             0x00000305   Thumb Code     2  startup_tm4c123.o(.text)
    UDMAERR_Handler                          0x00000307   Thumb Code     2  startup_tm4c123.o(.text)
    ADC1SS0_Handler                          0x00000309   Thumb Code     2  startup_tm4c123.o(.text)
    ADC1SS1_Handler                          0x0000030b   Thumb Code     2  startup_tm4c123.o(.text)
    ADC1SS2_Handler                          0x0000030d   Thumb Code     2  startup_tm4c123.o(.text)
    ADC1SS3_Handler                          0x0000030f   Thumb Code     2  startup_tm4c123.o(.text)
    GPIOJ_Handler                            0x00000311   Thumb Code     2  startup_tm4c123.o(.text)
    GPIOK_Handler                            0x00000313   Thumb Code     2  startup_tm4c123.o(.text)
    GPIOL_Handler                            0x00000315   Thumb Code     2  startup_tm4c123.o(.text)
    SSI2_Handler                             0x00000317   Thumb Code     2  startup_tm4c123.o(.text)
    SSI3_Handler                             0x00000319   Thumb Code     2  startup_tm4c123.o(.text)
    UART3_Handler                            0x0000031b   Thumb Code     2  startup_tm4c123.o(.text)
    UART4_Handler                            0x0000031d   Thumb Code     2  startup_tm4c123.o(.text)
    UART5_Handler                            0x0000031f   Thumb Code     2  startup_tm4c123.o(.text)
    UART6_Handler                            0x00000321   Thumb Code     2  startup_tm4c123.o(.text)
    UART7_Handler                            0x00000323   Thumb Code     2  startup_tm4c123.o(.text)
    I2C2_Handler                             0x00000325   Thumb Code     2  startup_tm4c123.o(.text)
    I2C3_Handler                             0x00000327   Thumb Code     2  startup_tm4c123.o(.text)
    TIMER4A_Handler                          0x00000329   Thumb Code     2  startup_tm4c123.o(.text)
    TIMER4B_Handler                          0x0000032b   Thumb Code     2  startup_tm4c123.o(.text)
    TIMER5A_Handler                          0x0000032d   Thumb Code     2  startup_tm4c123.o(.text)
    TIMER5B_Handler                          0x0000032f   Thumb Code     2  startup_tm4c123.o(.text)
    WTIMER0A_Handler                         0x00000331   Thumb Code     2  startup_tm4c123.o(.text)
    WTIMER0B_Handler                         0x00000333   Thumb Code     2  startup_tm4c123.o(.text)
    WTIMER1A_Handler                         0x00000335   Thumb Code     2  startup_tm4c123.o(.text)
    WTIMER1B_Handler                         0x00000337   Thumb Code     2  startup_tm4c123.o(.text)
    WTIMER2A_Handler                         0x00000339   Thumb Code     2  startup_tm4c123.o(.text)
    WTIMER2B_Handler                         0x0000033b   Thumb Code     2  startup_tm4c123.o(.text)
    WTIMER3A_Handler                         0x0000033d   Thumb Code     2  startup_tm4c123.o(.text)
    WTIMER3B_Handler                         0x0000033f   Thumb Code     2  startup_tm4c123.o(.text)
    WTIMER4A_Handler                         0x00000341   Thumb Code     2  startup_tm4c123.o(.text)
    WTIMER4B_Handler                         0x00000343   Thumb Code     2  startup_tm4c123.o(.text)
    WTIMER5A_Handler                         0x00000345   Thumb Code     2  startup_tm4c123.o(.text)
    WTIMER5B_Handler                         0x00000347   Thumb Code     2  startup_tm4c123.o(.text)
    FPU_Handler                              0x00000349   Thumb Code     2  startup_tm4c123.o(.text)
    I2C4_Handler                             0x0000034b   Thumb Code     2  startup_tm4c123.o(.text)
    I2C5_Handler                             0x0000034d   Thumb Code     2  startup_tm4c123.o(.text)
    GPIOM_Handler                            0x0000034f   Thumb Code     2  startup_tm4c123.o(.text)
    GPION_Handler                            0x00000351   Thumb Code     2  startup_tm4c123.o(.text)
    QEI2_Handler                             0x00000353   Thumb Code     2  startup_tm4c123.o(.text)
    GPIOP0_Handler                           0x00000355   Thumb Code     2  startup_tm4c123.o(.text)
    GPIOP1_Handler                           0x00000357   Thumb Code     2  startup_tm4c123.o(.text)
    GPIOP2_Handler                           0x00000359   Thumb Code     2  startup_tm4c123.o(.text)
    GPIOP3_Handler                           0x0000035b   Thumb Code     2  startup_tm4c123.o(.text)
    GPIOP4_Handler                           0x0000035d   Thumb Code     2  startup_tm4c123.o(.text)
    GPIOP5_Handler                           0x0000035f   Thumb Code     2  startup_tm4c123.o(.text)
    GPIOP6_Handler                           0x00000361   Thumb Code     2  startup_tm4c123.o(.text)
    GPIOP7_Handler                           0x00000363   Thumb Code     2  startup_tm4c123.o(.text)
    GPIOQ0_Handler                           0x00000365   Thumb Code     2  startup_tm4c123.o(.text)
    GPIOQ1_Handler                           0x00000367   Thumb Code     2  startup_tm4c123.o(.text)
    GPIOQ2_Handler                           0x00000369   Thumb Code     2  startup_tm4c123.o(.text)
    GPIOQ3_Handler                           0x0000036b   Thumb Code     2  startup_tm4c123.o(.text)
    GPIOQ4_Handler                           0x0000036d   Thumb Code     2  startup_tm4c123.o(.text)
    GPIOQ5_Handler                           0x0000036f   Thumb Code     2  startup_tm4c123.o(.text)
    GPIOQ6_Handler                           0x00000371   Thumb Code     2  startup_tm4c123.o(.text)
    GPIOQ7_Handler                           0x00000373   Thumb Code     2  startup_tm4c123.o(.text)
    GPIOR_Handler                            0x00000375   Thumb Code     2  startup_tm4c123.o(.text)
    GPIOS_Handler                            0x00000377   Thumb Code     2  startup_tm4c123.o(.text)
    PMW1_0_Handler                           0x00000379   Thumb Code     2  startup_tm4c123.o(.text)
    PWM1_1_Handler                           0x0000037b   Thumb Code     2  startup_tm4c123.o(.text)
    PWM1_2_Handler                           0x0000037d   Thumb Code     2  startup_tm4c123.o(.text)
    PWM1_3_Handler                           0x0000037f   Thumb Code     2  startup_tm4c123.o(.text)
    PWM1_FAULT_Handler                       0x00000381   Thumb Code     2  startup_tm4c123.o(.text)
    place_name                               0x0000038d   Thumb Code   154  main.o(.text)
    nearest_place                            0x00000427   Thumb Code   142  main.o(.text)
    main                                     0x000004b5   Thumb Code   404  main.o(.text)
    ratof                                    0x00000725   Thumb Code   222  gps_functions.o(.text)
    GPS_angle_format_to_degrees              0x00000803   Thumb Code    60  gps_functions.o(.text)
    GPS_Spreading_Data                       0x0000083f   Thumb Code   440  gps_functions.o(.text)
    GPS_angle_formate_to_rad                 0x000009f7   Thumb Code   104  gps_functions.o(.text)
    GPS_degree_to_radians                    0x00000a5f   Thumb Code   104  gps_functions.o(.text)
    GPS_radians_to_degree                    0x00000ac7   Thumb Code   210  gps_functions.o(.text)
    GPS_Calculate_Distance                   0x00000b99   Thumb Code   566  gps_functions.o(.text)
    time_display                             0x00000de9   Thumb Code   104  display.o(.text)
    init_display                             0x00000e51   Thumb Code    56  display.o(.text)
    date_display                             0x00000e89   Thumb Code    84  display.o(.text)
    error_display                            0x00000edd   Thumb Code    64  display.o(.text)
    speed_display                            0x00000f1d   Thumb Code    26  display.o(.text)
    location_display                         0x00000f37   Thumb Code    20  display.o(.text)
    int_to_string                            0x00000f4b   Thumb Code    90  display.o(.text)
    distance_display                         0x00000fa5   Thumb Code    26  display.o(.text)
    error_signal_display                     0x00000fbf   Thumb Code    18  display.o(.text)
    conn_signal_display                      0x00000fd1   Thumb Code    18  display.o(.text)
    set_E                                    0x00001029   Thumb Code    16  lcd.o(.text)
    clear_E                                  0x00001039   Thumb Code    16  lcd.o(.text)
    set_control_LCD                          0x00001049   Thumb Code    16  lcd.o(.text)
    clear_control_LCD                        0x00001059   Thumb Code    16  lcd.o(.text)
    pulse_E                                  0x00001069   Thumb Code    24  lcd.o(.text)
    send_nibble                              0x00001081   Thumb Code    32  lcd.o(.text)
    send_LCD                                 0x000010a1   Thumb Code    40  lcd.o(.text)
    clear                                    0x000010c9   Thumb Code    22  lcd.o(.text)
    init_LCD                                 0x000010df   Thumb Code    68  lcd.o(.text)
    shift_curser                             0x00001123   Thumb Code    22  lcd.o(.text)
    position_curser                          0x00001139   Thumb Code    80  lcd.o(.text)
    display_char                             0x00001189   Thumb Code    24  lcd.o(.text)
    display_String                           0x000011a1   Thumb Code    22  lcd.o(.text)
    GPIO_Init_PortA                          0x000011c9   Thumb Code   142  gpio.o(.text)
    GPIO_Init_PortB                          0x00001257   Thumb Code   102  gpio.o(.text)
    GPIO_Init_PortD_LCD                      0x000012bd   Thumb Code   118  gpio.o(.text)
    GPIO_LED_ALL_OFF                         0x00001333   Thumb Code    16  gpio.o(.text)
    GPIO_Init_PortF                          0x00001343   Thumb Code   104  gpio.o(.text)
    GPIO_Init_A_B_F                          0x000013ab   Thumb Code    16  gpio.o(.text)
    GPIO_LED_RED_ON                          0x000013bb   Thumb Code    16  gpio.o(.text)
    GPIO_LED_RED_OFF                         0x000013cb   Thumb Code    10  gpio.o(.text)
    GPIO_LED_BLUE_ON                         0x000013d5   Thumb Code    16  gpio.o(.text)
    GPIO_LED_BLUE_OFF                        0x000013e5   Thumb Code    16  gpio.o(.text)
    GPIO_LED_GREEN_ON                        0x000013f5   Thumb Code    16  gpio.o(.text)
    GPIO_LED_GREEN_OFF                       0x00001405   Thumb Code    16  gpio.o(.text)
    GPIO_LED_ALL_ON                          0x00001415   Thumb Code    16  gpio.o(.text)
    enableGlobalInterrupts                   0x00001425   Thumb Code     4  gpio.o(.text)
    GPIO_Init_PortC_PC4                      0x00001429   Thumb Code   212  gpio.o(.text)
    GPIO_DATA_WRITE                          0x000014fd   Thumb Code    56  gpio.o(.text)
    GPIO_DATA_READ                           0x00001535   Thumb Code    72  gpio.o(.text)
    GPIO_DATA_SET                            0x0000157d   Thumb Code   252  gpio.o(.text)
    GPIO_DATA_RESET                          0x00001679   Thumb Code   166  gpio.o(.text)
    GPIO_DIR_SET                             0x0000171f   Thumb Code    68  gpio.o(.text)
    delay                                    0x00001763   Thumb Code    22  gpio.o(.text)
    GPIOPortC_Handler                        0x00001779   Thumb Code    28  gpio.o(.text)
    SystemInit                               0x000017c5   Thumb Code     2  systicfunctions.o(.text)
    SysTick_Init                             0x000017c7   Thumb Code    24  systicfunctions.o(.text)
    DelayMs                                  0x000017df   Thumb Code    40  systicfunctions.o(.text)
    DelayUs                                  0x00001807   Thumb Code    38  systicfunctions.o(.text)
    UART0_vInit                              0x0000182d   Thumb Code   146  uart.o(.text)
    UART6_vInit                              0x000018bf   Thumb Code   146  uart.o(.text)
    UART5_vInit                              0x00001951   Thumb Code   148  uart.o(.text)
    UART_u8Read                              0x000019e5   Thumb Code    78  uart.o(.text)
    UART_vReadString                         0x00001a33   Thumb Code    50  uart.o(.text)
    UART_vWrite                              0x00001a65   Thumb Code    70  uart.o(.text)
    UART_vWriteString                        0x00001aab   Thumb Code    26  uart.o(.text)
    strncpy                                  0x00001af9   Thumb Code    24  strncpy.o(.text)
    strlen                                   0x00001b11   Thumb Code    14  strlen.o(.text)
    strncmp                                  0x00001b1f   Thumb Code    30  strncmp.o(.text)
    __aeabi_dadd                             0x00001b3d   Thumb Code   322  dadd.o(.text)
    __aeabi_dsub                             0x00001c7f   Thumb Code     6  dadd.o(.text)
    __aeabi_drsub                            0x00001c85   Thumb Code     6  dadd.o(.text)
    __aeabi_dmul                             0x00001c8b   Thumb Code   228  dmul.o(.text)
    __aeabi_ddiv                             0x00001d6f   Thumb Code   222  ddiv.o(.text)
    __aeabi_i2d                              0x00001e4d   Thumb Code    34  dflti.o(.text)
    __aeabi_f2d                              0x00001e6f   Thumb Code    38  f2d.o(.text)
    __aeabi_d2f                              0x00001e95   Thumb Code    56  d2f.o(.text)
    __aeabi_llsl                             0x00001ecd   Thumb Code    30  llshl.o(.text)
    _ll_shift_l                              0x00001ecd   Thumb Code     0  llshl.o(.text)
    __aeabi_lasr                             0x00001eeb   Thumb Code    36  llsshr.o(.text)
    _ll_sshift_r                             0x00001eeb   Thumb Code     0  llsshr.o(.text)
    __I$use$fp                               0x00001f0f   Thumb Code     0  iusefp.o(.text)
    _float_round                             0x00001f0f   Thumb Code    18  fepilogue.o(.text)
    _float_epilogue                          0x00001f21   Thumb Code    90  fepilogue.o(.text)
    _double_round                            0x00001f7b   Thumb Code    26  depilogue.o(.text)
    _double_epilogue                         0x00001f95   Thumb Code   164  depilogue.o(.text)
    __ARM_scalbn                             0x00002039   Thumb Code    46  dscalb.o(.text)
    scalbn                                   0x00002039   Thumb Code     0  dscalb.o(.text)
    _dsqrt                                   0x00002067   Thumb Code   162  dsqrt.o(.text)
    __aeabi_cdrcmple                         0x00002109   Thumb Code    38  cdrcmple.o(.text)
    __scatterload                            0x00002131   Thumb Code    28  init.o(.text)
    __scatterload_rt2                        0x00002131   Thumb Code     0  init.o(.text)
    __aeabi_llsr                             0x00002155   Thumb Code    32  llushr.o(.text)
    _ll_ushift_r                             0x00002155   Thumb Code     0  llushr.o(.text)
    __aeabi_ui2d                             0x00002175   Thumb Code    26  dfltui.o(.text)
    __aeabi_d2iz                             0x0000218f   Thumb Code    62  dfixi.o(.text)
    __ARM_fpclassify                         0x000021cd   Thumb Code    48  fpclassify.o(i.__ARM_fpclassify)
    __hardfp_atan                            0x00002201   Thumb Code   636  atan.o(i.__hardfp_atan)
    __hardfp_atan2                           0x000024e9   Thumb Code   416  atan2.o(i.__hardfp_atan2)
    __hardfp_cos                             0x000026c9   Thumb Code   200  cos.o(i.__hardfp_cos)
    __hardfp_pow                             0x000027a1   Thumb Code  3132  pow.o(i.__hardfp_pow)
    __hardfp_sin                             0x00003431   Thumb Code   200  sin.o(i.__hardfp_sin)
    __hardfp_sqrt                            0x00003509   Thumb Code   122  sqrt.o(i.__hardfp_sqrt)
    __ieee754_rem_pio2                       0x00003589   Thumb Code   972  rred.o(i.__ieee754_rem_pio2)
    __kernel_cos                             0x000039e1   Thumb Code   322  cos_i.o(i.__kernel_cos)
    __kernel_poly                            0x00003b51   Thumb Code   248  poly.o(i.__kernel_poly)
    __kernel_sin                             0x00003c49   Thumb Code   280  sin_i.o(i.__kernel_sin)
    __mathlib_dbl_underflow                  0x00003d79   Thumb Code    24  dunder.o(i.__mathlib_dbl_underflow)
    __scatterload_copy                       0x00003d99   Thumb Code    14  handlers.o(i.__scatterload_copy)
    __scatterload_null                       0x00003da7   Thumb Code     2  handlers.o(i.__scatterload_null)
    __scatterload_zeroinit                   0x00003da9   Thumb Code    14  handlers.o(i.__scatterload_zeroinit)
    __set_errno                              0x00003db9   Thumb Code     6  errno.o(i.__set_errno)
    atan                                     0x00003dc5   Thumb Code    16  atan.o(i.atan)
    fabs                                     0x00003dd5   Thumb Code    32  fabs.o(i.fabs)
    sqrt                                     0x00003df5   Thumb Code   110  sqrt.o(i.sqrt)
    __mathlib_zero                           0x00004218   Data           8  qnan.o(.constdata)
    Region$$Table$$Base                      0x00004310   Number         0  anon$$obj.o(Region$$Table)
    Region$$Table$$Limit                     0x00004330   Number         0  anon$$obj.o(Region$$Table)
    kkk                                      0x20000000   Data           4  main.o(.data)
    aaa                                      0x20000004   Data           1  main.o(.data)
    count                                    0x20000005   Data           1  main.o(.data)
    first_gps                                0x20000006   Data           1  main.o(.data)
    acumm_dis                                0x20000008   Data           2  main.o(.data)
    GPS_status                               0x2000000c   Data           1  gps_functions.o(.data)
    lat                                      0x20000010   Data           4  gps_functions.o(.data)
    GPS_NS                                   0x20000014   Data           1  gps_functions.o(.data)
    lon                                      0x20000018   Data           4  gps_functions.o(.data)
    GPS_EW                                   0x2000001c   Data           1  gps_functions.o(.data)
    GPS_speed                                0x2000001d   Data           8  gps_functions.o(.data)
    GPS_speed_v                              0x20000028   Data           4  gps_functions.o(.data)
    GPS_course                               0x2000002c   Data           4  gps_functions.o(.data)
    GPS_date                                 0x20000030   Data           7  gps_functions.o(.data)
    mv                                       0x20000037   Data           6  gps_functions.o(.data)
    mvEW                                     0x2000003d   Data           1  gps_functions.o(.data)
    posMode                                  0x2000003e   Data           1  gps_functions.o(.data)
    ito_string                               0x20000044   Data         100  main.o(.bss)
    str                                      0x200000a8   Data         100  main.o(.bss)
    GPS_time                                 0x2000010c   Data          11  gps_functions.o(.bss)
    __initial_sp                             0x20000318   Data           0  startup_tm4c123.o(STACK)



==============================================================================

Memory Map of the image

  Image Entry point : 0x0000026d

  Load Region LR_IROM1 (Base: 0x00000000, Size: 0x00004374, Max: 0x00040000, ABSOLUTE)

    Execution Region ER_IROM1 (Base: 0x00000000, Size: 0x00004330, Max: 0x00040000, ABSOLUTE)

    Base Addr    Size         Type   Attr      Idx    E Section Name        Object

    0x00000000   0x0000026c   Data   RO            3    RESET               startup_tm4c123.o
    0x0000026c   0x00000000   Code   RO          237  * .ARM.Collect$$$$00000000  mc_w.l(entry.o)
    0x0000026c   0x00000004   Code   RO          299    .ARM.Collect$$$$00000001  mc_w.l(entry2.o)
    0x00000270   0x00000004   Code   RO          302    .ARM.Collect$$$$00000004  mc_w.l(entry5.o)
    0x00000274   0x00000000   Code   RO          304    .ARM.Collect$$$$00000008  mc_w.l(entry7b.o)
    0x00000274   0x00000000   Code   RO          306    .ARM.Collect$$$$0000000A  mc_w.l(entry8b.o)
    0x00000274   0x00000008   Code   RO          307    .ARM.Collect$$$$0000000B  mc_w.l(entry9a.o)
    0x0000027c   0x00000000   Code   RO          309    .ARM.Collect$$$$0000000D  mc_w.l(entry10a.o)
    0x0000027c   0x00000000   Code   RO          311    .ARM.Collect$$$$0000000F  mc_w.l(entry11a.o)
    0x0000027c   0x00000004   Code   RO          300    .ARM.Collect$$$$00002712  mc_w.l(entry2.o)
    0x00000280   0x0000010c   Code   RO            4    .text               startup_tm4c123.o
    0x0000038c   0x00000398   Code   RO           10    .text               main.o
    0x00000724   0x000006c4   Code   RO           73    .text               gps_functions.o
    0x00000de8   0x00000240   Code   RO          102    .text               display.o
    0x00001028   0x000001a0   Code   RO          117    .text               lcd.o
    0x000011c8   0x000005fc   Code   RO          133    .text               gpio.o
    0x000017c4   0x00000068   Code   RO          145    .text               systicfunctions.o
    0x0000182c   0x000002cc   Code   RO          157    .text               uart.o
    0x00001af8   0x00000018   Code   RO          240    .text               mc_w.l(strncpy.o)
    0x00001b10   0x0000000e   Code   RO          242    .text               mc_w.l(strlen.o)
    0x00001b1e   0x0000001e   Code   RO          244    .text               mc_w.l(strncmp.o)
    0x00001b3c   0x0000014e   Code   RO          246    .text               mf_w.l(dadd.o)
    0x00001c8a   0x000000e4   Code   RO          248    .text               mf_w.l(dmul.o)
    0x00001d6e   0x000000de   Code   RO          250    .text               mf_w.l(ddiv.o)
    0x00001e4c   0x00000022   Code   RO          252    .text               mf_w.l(dflti.o)
    0x00001e6e   0x00000026   Code   RO          254    .text               mf_w.l(f2d.o)
    0x00001e94   0x00000038   Code   RO          256    .text               mf_w.l(d2f.o)
    0x00001ecc   0x0000001e   Code   RO          313    .text               mc_w.l(llshl.o)
    0x00001eea   0x00000024   Code   RO          315    .text               mc_w.l(llsshr.o)
    0x00001f0e   0x00000000   Code   RO          324    .text               mc_w.l(iusefp.o)
    0x00001f0e   0x0000006c   Code   RO          325    .text               mf_w.l(fepilogue.o)
    0x00001f7a   0x000000be   Code   RO          327    .text               mf_w.l(depilogue.o)
    0x00002038   0x0000002e   Code   RO          331    .text               mf_w.l(dscalb.o)
    0x00002066   0x000000a2   Code   RO          333    .text               mf_w.l(dsqrt.o)
    0x00002108   0x00000028   Code   RO          337    .text               mf_w.l(cdrcmple.o)
    0x00002130   0x00000024   Code   RO          339    .text               mc_w.l(init.o)
    0x00002154   0x00000020   Code   RO          341    .text               mc_w.l(llushr.o)
    0x00002174   0x0000001a   Code   RO          343    .text               mf_w.l(dfltui.o)
    0x0000218e   0x0000003e   Code   RO          345    .text               mf_w.l(dfixi.o)
    0x000021cc   0x00000030   Code   RO          283    i.__ARM_fpclassify  m_wm.l(fpclassify.o)
    0x000021fc   0x00000004   PAD
    0x00002200   0x000002e8   Code   RO          258    i.__hardfp_atan     m_wm.l(atan.o)
    0x000024e8   0x000001e0   Code   RO          175    i.__hardfp_atan2    m_wm.l(atan2.o)
    0x000026c8   0x000000d8   Code   RO          187    i.__hardfp_cos      m_wm.l(cos.o)
    0x000027a0   0x00000c90   Code   RO          199    i.__hardfp_pow      m_wm.l(pow.o)
    0x00003430   0x000000d8   Code   RO          213    i.__hardfp_sin      m_wm.l(sin.o)
    0x00003508   0x0000007a   Code   RO          225    i.__hardfp_sqrt     m_wm.l(sqrt.o)
    0x00003582   0x00000006   PAD
    0x00003588   0x00000458   Code   RO          288    i.__ieee754_rem_pio2  m_wm.l(rred.o)
    0x000039e0   0x00000170   Code   RO          272    i.__kernel_cos      m_wm.l(cos_i.o)
    0x00003b50   0x000000f8   Code   RO          285    i.__kernel_poly     m_wm.l(poly.o)
    0x00003c48   0x00000130   Code   RO          293    i.__kernel_sin      m_wm.l(sin_i.o)
    0x00003d78   0x00000020   Code   RO          275    i.__mathlib_dbl_underflow  m_wm.l(dunder.o)
    0x00003d98   0x0000000e   Code   RO          349    i.__scatterload_copy  mc_w.l(handlers.o)
    0x00003da6   0x00000002   Code   RO          350    i.__scatterload_null  mc_w.l(handlers.o)
    0x00003da8   0x0000000e   Code   RO          351    i.__scatterload_zeroinit  mc_w.l(handlers.o)
    0x00003db6   0x00000002   PAD
    0x00003db8   0x0000000c   Code   RO          319    i.__set_errno       mc_w.l(errno.o)
    0x00003dc4   0x00000010   Code   RO          260    i.atan              m_wm.l(atan.o)
    0x00003dd4   0x00000020   Code   RO          279    i.fabs              m_wm.l(fabs.o)
    0x00003df4   0x0000006e   Code   RO          227    i.sqrt              m_wm.l(sqrt.o)
    0x00003e62   0x00000006   PAD
    0x00003e68   0x00000260   Data   RO           12    .constdata          main.o
    0x000040c8   0x00000088   Data   RO          202    .constdata          m_wm.l(pow.o)
    0x00004150   0x00000098   Data   RO          261    .constdata          m_wm.l(atan.o)
    0x000041e8   0x00000030   Data   RO          273    .constdata          m_wm.l(cos_i.o)
    0x00004218   0x00000008   Data   RO          287    .constdata          m_wm.l(qnan.o)
    0x00004220   0x000000c8   Data   RO          290    .constdata          m_wm.l(rred.o)
    0x000042e8   0x00000028   Data   RO          294    .constdata          m_wm.l(sin_i.o)
    0x00004310   0x00000020   Data   RO          347    Region$$Table       anon$$obj.o


    Execution Region RW_IRAM1 (Base: 0x20000000, Size: 0x00000318, Max: 0x00008000, ABSOLUTE)

    Base Addr    Size         Type   Attr      Idx    E Section Name        Object

    0x20000000   0x0000000a   Data   RW           13    .data               main.o
    0x2000000a   0x00000002   PAD
    0x2000000c   0x00000033   Data   RW           75    .data               gps_functions.o
    0x2000003f   0x00000001   PAD
    0x20000040   0x00000004   Data   RW          320    .data               mc_w.l(errno.o)
    0x20000044   0x000000c8   Zero   RW           11    .bss                main.o
    0x2000010c   0x0000000b   Zero   RW           74    .bss                gps_functions.o
    0x20000117   0x00000001   PAD
    0x20000118   0x00000200   Zero   RW            1    STACK               startup_tm4c123.o


==============================================================================

Image component sizes


      Code (inc. data)   RO Data    RW Data    ZI Data      Debug   Object Name

       576         70          0          0          0       2606   display.o
      1532        166          0          0          0       3957   gpio.o
      1732        162          0         51         11       4333   gps_functions.o
       416         18          0          0          0       2615   lcd.o
       920        258        608         10        200       6647   main.o
       268         10        620          0        512       5380   startup_tm4c123.o
       104          0          0          0          0       1038   systicfunctions.o
       716         52          0          0          0       1949   uart.o

    ----------------------------------------------------------------------
      6264        736       1260         64        724      28525   Object Totals
         0          0         32          0          0          0   (incl. Generated)
         0          0          0          3          1          0   (incl. Padding)

    ----------------------------------------------------------------------

      Code (inc. data)   RO Data    RW Data    ZI Data      Debug   Library Member Name

       760        108        152          0          0        344   atan.o
       480         64          0          0          0        156   atan2.o
       216         16          0          0          0        152   cos.o
       368         46         48          0          0        200   cos_i.o
        32          8          0          0          0        124   dunder.o
        32          0          0          0          0        124   fabs.o
        48          0          0          0          0        124   fpclassify.o
       248          0          0          0          0        152   poly.o
      3216        310        136          0          0        216   pow.o
         0          0          8          0          0          0   qnan.o
      1112        140        200          0          0        188   rred.o
       216         16          0          0          0        152   sin.o
       304         24         40          0          0        208   sin_i.o
       232          0          0          0          0        296   sqrt.o
         0          0          0          0          0          0   entry.o
         0          0          0          0          0          0   entry10a.o
         0          0          0          0          0          0   entry11a.o
         8          4          0          0          0          0   entry2.o
         4          0          0          0          0          0   entry5.o
         0          0          0          0          0          0   entry7b.o
         0          0          0          0          0          0   entry8b.o
         8          4          0          0          0          0   entry9a.o
        12          6          0          4          0         68   errno.o
        30          0          0          0          0          0   handlers.o
        36          8          0          0          0         68   init.o
         0          0          0          0          0          0   iusefp.o
        30          0          0          0          0         68   llshl.o
        36          0          0          0          0         68   llsshr.o
        32          0          0          0          0         68   llushr.o
        14          0          0          0          0         68   strlen.o
        30          0          0          0          0         80   strncmp.o
        24          0          0          0          0         76   strncpy.o
        40          2          0          0          0         68   cdrcmple.o
        56          0          0          0          0         88   d2f.o
       334          0          0          0          0        148   dadd.o
       222          0          0          0          0        100   ddiv.o
       190          0          0          0          0        176   depilogue.o
        62          0          0          0          0         80   dfixi.o
        34          0          0          0          0         76   dflti.o
        26          0          0          0          0         76   dfltui.o
       228          0          0          0          0         96   dmul.o
        46          0          0          0          0         80   dscalb.o
       162          0          0          0          0        100   dsqrt.o
        38          0          0          0          0         68   f2d.o
       108          0          0          0          0        168   fepilogue.o

    ----------------------------------------------------------------------
      9092        756        584          4          0       4324   Library Totals
        18          0          0          0          0          0   (incl. Padding)

    ----------------------------------------------------------------------

      Code (inc. data)   RO Data    RW Data    ZI Data      Debug   Library Name

      7264        732        584          0          0       2436   m_wm.l
       264         22          0          4          0        564   mc_w.l
      1546          2          0          0          0       1324   mf_w.l

    ----------------------------------------------------------------------
      9092        756        584          4          0       4324   Library Totals

    ----------------------------------------------------------------------

==============================================================================


      Code (inc. data)   RO Data    RW Data    ZI Data      Debug   

     15356       1492       1844         68        724      29313   Grand Totals
     15356       1492       1844         68        724      29313   ELF Image Totals
     15356       1492       1844         68          0          0   ROM Totals

==============================================================================

    Total RO  Size (Code + RO Data)                17200 (  16.80kB)
    Total RW  Size (RW Data + ZI Data)               792 (   0.77kB)
    Total ROM Size (Code + RO Data + RW Data)      17268 (  16.86kB)

==============================================================================

