<html>
<body>
<pre>
<h1>µVision Build Log</h1>
<h2>Project:</h2>
C:\Users\clinic\Documents\embeded project\Project Fnal\Embedded_GPS_Project\project.uvproj
Project File Date:  05/03/2025

<h2>Output:</h2>
Rebuild target 'Target 1'
assembling startup_TM4C123.s...
compiling main.c...
compiling LCD.c...
compiling GPIO.c...
compiling systicFunctions.c...
compiling uart.c...
linking...
Program Size: Code=2204 RO-data=636 RW-data=0 ZI-data=512  
".\project.axf" - 0 Error(s), 0 Warning(s).
nking...
Program Size: Code=2204 RO-data=636 RW-data=0 ZI-data=512  
".\project.axf" - 0 Error(s), 1 Warning(s).
| UART0_PTL_PA01;
uart.c: 2 warnings, 0 errors
linking...
.\project.axf: Error: L6218E: Undefined symbol REV_MASK (referred from uart.o).
Not enough information to list image symbols.
Finished: 1 information, 0 warning and 1 error messages.
".\project.axf" - 1 Error(s), 2 Warning(s).
Target not created
