<html>
<body>
<pre>
<h1>µVision Build Log</h1>
<h2>Project:</h2>
C:\Users\clinic\Documents\embeded project\Project Fnal\Embedded_GPS_Project\project.uvproj
Project File Date:  05/07/2025

<h2>Output:</h2>
Rebuild target 'Target 1'
assembling startup_TM4C123.s...
compiling main.c...
compiling LCD.c...
compiling GPIO.c...
compiling systicFunctions.c...
compiling uart.c...
uart.c(133): warning:  #940-D: missing return statement at end of non-void function "UART_u8Read"
  } 
uart.c(177): warning:  #1-D: last line of file ends without a newline
                
uart.c: 2 warnings, 0 errors
compiling TRY UART.c...
linking...
Program Size: Code=1152 RO-data=652 RW-data=8 ZI-data=616  
".\project.axf" - 0 Error(s), 2 Warning(s).
</pre>
</body>
</html>
